Archive member included to satisfy reference by file (symbol)

/Applications/MCUXpressoIDE_11.3.0_5222/ide/plugins/com.nxp.mcuxpresso.tools.macosx_11.3.0.202011031536/tools/bin/../lib/gcc/arm-none-eabi/9.3.1/../../../../arm-none-eabi/lib/thumb/v6-m/nofp/libcr_semihost_nf.a(_cr__main.o)
                              ./startup/startup_mkl25z4.o (__main)
/Applications/MCUXpressoIDE_11.3.0_5222/ide/plugins/com.nxp.mcuxpresso.tools.macosx_11.3.0.202011031536/tools/bin/../lib/gcc/arm-none-eabi/9.3.1/../../../../arm-none-eabi/lib/thumb/v6-m/nofp/libcr_semihost_nf.a(_cr_assert.o)
                              ./source/via.o (__assertion_failed)
/Applications/MCUXpressoIDE_11.3.0_5222/ide/plugins/com.nxp.mcuxpresso.tools.macosx_11.3.0.202011031536/tools/bin/../lib/gcc/arm-none-eabi/9.3.1/../../../../arm-none-eabi/lib/thumb/v6-m/nofp/libcr_semihost_nf.a(__ciob.o)
                              /Applications/MCUXpressoIDE_11.3.0_5222/ide/plugins/com.nxp.mcuxpresso.tools.macosx_11.3.0.202011031536/tools/bin/../lib/gcc/arm-none-eabi/9.3.1/../../../../arm-none-eabi/lib/thumb/v6-m/nofp/libcr_semihost_nf.a(_cr_assert.o) (__Ciob)
/Applications/MCUXpressoIDE_11.3.0_5222/ide/plugins/com.nxp.mcuxpresso.tools.macosx_11.3.0.202011031536/tools/bin/../lib/gcc/arm-none-eabi/9.3.1/../../../../arm-none-eabi/lib/thumb/v6-m/nofp/libcr_semihost_nf.a(__sys_appexit.o)
                              /Applications/MCUXpressoIDE_11.3.0_5222/ide/plugins/com.nxp.mcuxpresso.tools.macosx_11.3.0.202011031536/tools/bin/../lib/gcc/arm-none-eabi/9.3.1/../../../../arm-none-eabi/lib/thumb/v6-m/nofp/libcr_semihost_nf.a(_cr_assert.o) (__sys_appexit)
/Applications/MCUXpressoIDE_11.3.0_5222/ide/plugins/com.nxp.mcuxpresso.tools.macosx_11.3.0.202011031536/tools/bin/../lib/gcc/arm-none-eabi/9.3.1/../../../../arm-none-eabi/lib/thumb/v6-m/nofp/libcr_c.a(memcpy.o)
                              ./drivers/fsl_flash.o (memcpy)
/Applications/MCUXpressoIDE_11.3.0_5222/ide/plugins/com.nxp.mcuxpresso.tools.macosx_11.3.0.202011031536/tools/bin/../lib/gcc/arm-none-eabi/9.3.1/../../../../arm-none-eabi/lib/thumb/v6-m/nofp/libcr_c.a(memset.o)
                              ./source/via.o (memset)
/Applications/MCUXpressoIDE_11.3.0_5222/ide/plugins/com.nxp.mcuxpresso.tools.macosx_11.3.0.202011031536/tools/bin/../lib/gcc/arm-none-eabi/9.3.1/../../../../arm-none-eabi/lib/thumb/v6-m/nofp/libcr_c.a(_deferredlazyseek.o)
                              /Applications/MCUXpressoIDE_11.3.0_5222/ide/plugins/com.nxp.mcuxpresso.tools.macosx_11.3.0.202011031536/tools/bin/../lib/gcc/arm-none-eabi/9.3.1/../../../../arm-none-eabi/lib/thumb/v6-m/nofp/libcr_semihost_nf.a(_cr_assert.o) (__flsbuf)
/Applications/MCUXpressoIDE_11.3.0_5222/ide/plugins/com.nxp.mcuxpresso.tools.macosx_11.3.0.202011031536/tools/bin/../lib/gcc/arm-none-eabi/9.3.1/../../../../arm-none-eabi/lib/thumb/v6-m/nofp/libcr_c.a(_fflush.o)
                              /Applications/MCUXpressoIDE_11.3.0_5222/ide/plugins/com.nxp.mcuxpresso.tools.macosx_11.3.0.202011031536/tools/bin/../lib/gcc/arm-none-eabi/9.3.1/../../../../arm-none-eabi/lib/thumb/v6-m/nofp/libcr_c.a(_deferredlazyseek.o) (_fflush)
/Applications/MCUXpressoIDE_11.3.0_5222/ide/plugins/com.nxp.mcuxpresso.tools.macosx_11.3.0.202011031536/tools/bin/../lib/gcc/arm-none-eabi/9.3.1/../../../../arm-none-eabi/lib/thumb/v6-m/nofp/libcr_c.a(_writebuf.o)
                              /Applications/MCUXpressoIDE_11.3.0_5222/ide/plugins/com.nxp.mcuxpresso.tools.macosx_11.3.0.202011031536/tools/bin/../lib/gcc/arm-none-eabi/9.3.1/../../../../arm-none-eabi/lib/thumb/v6-m/nofp/libcr_c.a(_deferredlazyseek.o) (_Cwritebuf)
/Applications/MCUXpressoIDE_11.3.0_5222/ide/plugins/com.nxp.mcuxpresso.tools.macosx_11.3.0.202011031536/tools/bin/../lib/gcc/arm-none-eabi/9.3.1/../../../../arm-none-eabi/lib/thumb/v6-m/nofp/libcr_c.a(alloc.o)
                              /Applications/MCUXpressoIDE_11.3.0_5222/ide/plugins/com.nxp.mcuxpresso.tools.macosx_11.3.0.202011031536/tools/bin/../lib/gcc/arm-none-eabi/9.3.1/../../../../arm-none-eabi/lib/thumb/v6-m/nofp/libcr_c.a(_deferredlazyseek.o) (_Csys_alloc)
/Applications/MCUXpressoIDE_11.3.0_5222/ide/plugins/com.nxp.mcuxpresso.tools.macosx_11.3.0.202011031536/tools/bin/../lib/gcc/arm-none-eabi/9.3.1/../../../../arm-none-eabi/lib/thumb/v6-m/nofp/libcr_c.a(fputs.o)
                              /Applications/MCUXpressoIDE_11.3.0_5222/ide/plugins/com.nxp.mcuxpresso.tools.macosx_11.3.0.202011031536/tools/bin/../lib/gcc/arm-none-eabi/9.3.1/../../../../arm-none-eabi/lib/thumb/v6-m/nofp/libcr_semihost_nf.a(_cr_assert.o) (fputs)
/Applications/MCUXpressoIDE_11.3.0_5222/ide/plugins/com.nxp.mcuxpresso.tools.macosx_11.3.0.202011031536/tools/bin/../lib/gcc/arm-none-eabi/9.3.1/../../../../arm-none-eabi/lib/thumb/v6-m/nofp/libcr_c.a(fseek.o)
[...]
Memory Configuration

Name             Origin             Length             Attributes
PROGRAM_FLASH    0x0000000000000000 0x0000000000020000 xr
SRAM             0x000000001ffff000 0x0000000000004000 xrw
*default*        0x0000000000000000 0xffffffffffffffff

Linker script and memory map

LOAD ./utilities/fsl_debug_console.o
LOAD ./startup/startup_mkl25z4.o
LOAD ./source/mtb.o
LOAD ./source/semihost_hardfault.o
LOAD ./source/utils.o
LOAD ./source/via.o
LOAD ./drivers/fsl_clock.o
LOAD ./drivers/fsl_common.o
LOAD ./drivers/fsl_flash.o
LOAD ./drivers/fsl_gpio.o
LOAD ./drivers/fsl_i2c.o
LOAD ./drivers/fsl_lpsci.o
LOAD ./drivers/fsl_smc.o
LOAD ./drivers/fsl_tpm.o
LOAD ./drivers/fsl_uart.o
LOAD ./board/board.o
LOAD ./board/clock_config.o
LOAD ./board/pin_mux.o
LOAD ./CMSIS/system_MKL25Z4.o
START GROUP
LOAD /Applications/MCUXpressoIDE_11.3.0_5222/ide/plugins/com.nxp.mcuxpresso.tools.macosx_11.3.0.202011031536/tools/bin/../lib/gcc/arm-none-eabi/9.3.1/../../../../arm-none-eabi/lib/thumb/v6-m/nofp/libcr_semihost_nf.a
LOAD /Applications/MCUXpressoIDE_11.3.0_5222/ide/plugins/com.nxp.mcuxpresso.tools.macosx_11.3.0.202011031536/tools/bin/../lib/gcc/arm-none-eabi/9.3.1/../../../../arm-none-eabi/lib/thumb/v6-m/nofp/libcr_c.a
LOAD /Applications/MCUXpressoIDE_11.3.0_5222/ide/plugins/com.nxp.mcuxpresso.tools.macosx_11.3.0.202011031536/tools/bin/../lib/gcc/arm-none-eabi/9.3.1/thumb/v6-m/nofp/libcr_eabihelpers.a
LOAD /Applications/MCUXpressoIDE_11.3.0_5222/ide/plugins/com.nxp.mcuxpresso.tools.macosx_11.3.0.202011031536/tools/bin/../lib/gcc/arm-none-eabi/9.3.1/thumb/v6-m/nofp/libgcc.a
END GROUP
                0x0000000000000000                __base_PROGRAM_FLASH = 0x0
                0x0000000000000000                __base_Flash = 0x0
                0x0000000000020000                __top_PROGRAM_FLASH = 0x20000
                0x0000000000020000                __top_Flash = 0x20000
                0x000000001ffff000                __base_SRAM = 0x1ffff000
                0x000000001ffff000                __base_RAM = 0x1ffff000
                0x0000000020003000                __top_SRAM = 0x20003000
                0x0000000020003000                __top_RAM = 0x20003000

.text           0x0000000000000000     0x57f4
 FILL mask 0xff
                0x0000000000000000                __vectors_start__ = ABSOLUTE (.)
 *(SORT_BY_ALIGNMENT(.isr_vector))
 .isr_vector    0x0000000000000000       0xc0 ./startup/startup_mkl25z4.o
                0x0000000000000000                __Vectors
                0x0000000000000000                g_pfnVectors
                0x00000000000000c0                . = ALIGN (0x4)
                0x00000000000000c0                __section_table_start = .
                0x00000000000000c0                __data_section_table = .
                0x00000000000000c0        0x4 LONG 0x57f4 LOADADDR (.data)
                0x00000000000000c4        0x4 LONG 0x1ffff080 ADDR (.data)
                0x00000000000000c8        0x4 LONG 0xc SIZEOF (.data)
                0x00000000000000cc                __data_section_table_end = .
                0x00000000000000cc                __bss_section_table = .
                0x00000000000000cc        0x4 LONG 0x1ffff08c ADDR (.bss)
                0x00000000000000d0        0x4 LONG 0x12c SIZEOF (.bss)
                0x00000000000000d4                __bss_section_table_end = .
                0x00000000000000d4                __section_table_end = .
 *(SORT_BY_ALIGNMENT(.after_vectors*))
 .after_vectors.reset
                0x00000000000000d4       0x4c ./startup/startup_mkl25z4.o
                0x00000000000000d4                ResetISR
 .after_vectors.init_data
                0x0000000000000120       0x12 ./startup/startup_mkl25z4.o
                0x0000000000000120                data_init
 .after_vectors.init_bss
                0x0000000000000132       0x10 ./startup/startup_mkl25z4.o
                0x0000000000000132                bss_init
 .after_vectors
                0x0000000000000142      0x10c ./startup/startup_mkl25z4.o
                0x0000000000000142                NMI_Handler
                0x0000000000000146                SVC_Handler
                0x0000000000000148                PendSV_Handler
                0x000000000000014a                SysTick_Handler
                0x000000000000014c                LPTMR0_DriverIRQHandler
                0x000000000000014c                RTC_Seconds_DriverIRQHandler
                0x000000000000014c                Reserved39_DriverIRQHandler
                0x000000000000014c                DMA0_DriverIRQHandler
                0x000000000000014c                SPI1_DriverIRQHandler
                0x000000000000014c                TPM2_DriverIRQHandler
                0x000000000000014c                TSI0_DriverIRQHandler
                0x000000000000014c                PIT_DriverIRQHandler
                0x000000000000014c                LLWU_DriverIRQHandler
                0x000000000000014c                MCG_DriverIRQHandler
                0x000000000000014c                FTFA_DriverIRQHandler
                0x000000000000014c                IntDefaultHandler
                0x000000000000014c                USB0_DriverIRQHandler
                0x000000000000014c                DAC0_DriverIRQHandler
                0x000000000000014c                LVD_LVW_DriverIRQHandler
                0x000000000000014c                TPM0_DriverIRQHandler
                0x000000000000014c                Reserved20_DriverIRQHandler
                0x000000000000014c                DMA3_DriverIRQHandler
                0x000000000000014c                Reserved45_DriverIRQHandler
                0x000000000000014c                PORTA_DriverIRQHandler
                0x000000000000014c                TPM1_DriverIRQHandler
                0x000000000000014c                RTC_DriverIRQHandler
                0x000000000000014c                DMA1_DriverIRQHandler
                0x000000000000014c                SPI0_DriverIRQHandler
                0x000000000000014c                ADC0_DriverIRQHandler
                0x000000000000014c                CMP0_DriverIRQHandler
                0x000000000000014c                DMA2_DriverIRQHandler
                0x000000000000014c                PORTD_DriverIRQHandler
                0x000000000000014e                DMA0_IRQHandler
                0x0000000000000156                DMA1_IRQHandler
                0x000000000000015e                DMA2_IRQHandler
                0x0000000000000166                DMA3_IRQHandler
                0x000000000000016e                Reserved20_IRQHandler
                0x0000000000000176                FTFA_IRQHandler
                0x000000000000017e                LVD_LVW_IRQHandler
                0x0000000000000186                LLWU_IRQHandler
                0x000000000000018e                I2C0_IRQHandler
                0x0000000000000196                I2C1_IRQHandler
                0x000000000000019e                SPI0_IRQHandler
                0x00000000000001a6                SPI1_IRQHandler
                0x00000000000001ae                UART0_IRQHandler
                0x00000000000001b6                UART1_IRQHandler
                0x00000000000001be                UART2_IRQHandler
                0x00000000000001c6                ADC0_IRQHandler
                0x00000000000001ce                CMP0_IRQHandler
                0x00000000000001d6                TPM0_IRQHandler
                0x00000000000001de                TPM1_IRQHandler
                0x00000000000001e6                TPM2_IRQHandler
                0x00000000000001ee                RTC_IRQHandler
                0x00000000000001f6                RTC_Seconds_IRQHandler
                0x00000000000001fe                PIT_IRQHandler
                0x0000000000000206                Reserved39_IRQHandler
                0x000000000000020e                USB0_IRQHandler
                0x0000000000000216                DAC0_IRQHandler
                0x000000000000021e                TSI0_IRQHandler
                0x0000000000000226                MCG_IRQHandler
                0x000000000000022e                LPTMR0_IRQHandler
                0x0000000000000236                Reserved45_IRQHandler
                0x000000000000023e                PORTA_IRQHandler
                0x0000000000000246                PORTD_IRQHandler
                0x0000000000000400                . = 0x400
 *fill*         0x000000000000024e      0x1b2 ff
                0x0000000000000400                PROVIDE (__FLASH_CONFIG_START__ = .)
 *(SORT_BY_ALIGNMENT(.FlashConfig))
 .FlashConfig   0x0000000000000400       0x10 ./startup/startup_mkl25z4.o
                0x0000000000000400                Flash_Config
                0x0000000000000410                PROVIDE (__FLASH_CONFIG_END__ = .)
                0x0000000000000001                ASSERT (! ((__FLASH_CONFIG_START__ == __FLASH_CONFIG_END__)), Linker Flash Config Support Enabled, but no .FlashConfig section provided within application)
 *(SORT_BY_ALIGNMENT(.text*))
 .text.DbgConsole_Init
                0x0000000000000410       0xf4 ./utilities/fsl_debug_console.o
                0x0000000000000410                DbgConsole_Init
 .text.HardFault_Handler
                0x0000000000000504       0x30 ./source/semihost_hardfault.o
                0x0000000000000504                HardFault_Handler
 .text.CLOCK_EnableClock
                0x0000000000000534       0x34 ./source/via.o
 .text.CLOCK_SetTpmClock
                0x0000000000000568       0x38 ./source/via.o
 .text.PORT_SetPinConfig
                0x00000000000005a0       0x38 ./source/via.o
 .text.BOARD_I2C_ReleaseBus
                0x00000000000005d8      0x124 ./source/via.o
                0x00000000000005d8                BOARD_I2C_ReleaseBus
 .text.i2c_master_callback
                0x00000000000006fc       0x48 ./source/via.o
 .text.I2C_ReadAccelWhoAmI
                0x0000000000000744      0x254 ./source/via.o
 .text.I2C_WriteAccelReg
                0x0000000000000998       0xc0 ./source/via.o
 .text.I2C_ReadAccelRegs
                0x0000000000000a58       0xc0 ./source/via.o
 .text.main     0x0000000000000b18      0x42c ./source/via.o
                0x0000000000000b18                main
 .text.CLOCK_SetEr32kClock
                0x0000000000000f44       0x34 ./drivers/fsl_clock.o
 .text.CLOCK_SetPllFllSelClock
                0x0000000000000f78       0x38 ./drivers/fsl_clock.o
 .text.CLOCK_GetMcgExtClkFreq
                0x0000000000000fb0       0x28 ./drivers/fsl_clock.o
 .text.CLOCK_GetFllExtRefClkFreq
                0x0000000000000fd8       0xa8 ./drivers/fsl_clock.o
 .text.CLOCK_GetInternalRefClkSelectFreq
                0x0000000000001080       0x40 ./drivers/fsl_clock.o
 .text.CLOCK_GetFllRefClkFreq
                0x00000000000010c0       0x2c ./drivers/fsl_clock.o
 .text.CLOCK_GetOscRangeFromFreq
                0x00000000000010ec       0x4c ./drivers/fsl_clock.o
 .text.CLOCK_GetOsc0ErClkFreq
                0x0000000000001138       0x3c ./drivers/fsl_clock.o
                0x0000000000001138                CLOCK_GetOsc0ErClkFreq
 .text.CLOCK_GetEr32kClkFreq
                0x0000000000001174       0x78 ./drivers/fsl_clock.o
                0x0000000000001174                CLOCK_GetEr32kClkFreq
 .text.CLOCK_GetPllFllSelClkFreq
                0x00000000000011ec       0x4c ./drivers/fsl_clock.o
                0x00000000000011ec                CLOCK_GetPllFllSelClkFreq
 .text.CLOCK_GetFreq
                0x0000000000001238       0xe0 ./drivers/fsl_clock.o
                0x0000000000001238                CLOCK_GetFreq
 .text.CLOCK_SetSimConfig
                0x0000000000001318       0x38 ./drivers/fsl_clock.o
                0x0000000000001318                CLOCK_SetSimConfig
 .text.CLOCK_GetOutClkFreq
                0x0000000000001350       0x78 ./drivers/fsl_clock.o
                0x0000000000001350                CLOCK_GetOutClkFreq
 .text.CLOCK_GetFllFreq
                0x00000000000013c8       0x84 ./drivers/fsl_clock.o
                0x00000000000013c8                CLOCK_GetFllFreq
 .text.CLOCK_GetInternalRefClkFreq
                0x000000000000144c       0x28 ./drivers/fsl_clock.o
                0x000000000000144c                CLOCK_GetInternalRefClkFreq
 .text.CLOCK_GetPll0Freq
                0x0000000000001474       0x70 ./drivers/fsl_clock.o
                0x0000000000001474                CLOCK_GetPll0Freq
 .text.CLOCK_SetInternalRefClkConfig
                0x00000000000014e4      0x124 ./drivers/fsl_clock.o
                0x00000000000014e4                CLOCK_SetInternalRefClkConfig
 .text.CLOCK_EnablePll0
                0x0000000000001608       0x94 ./drivers/fsl_clock.o
                0x0000000000001608                CLOCK_EnablePll0
 .text.CLOCK_InitOsc0
                0x000000000000169c       0x94 ./drivers/fsl_clock.o
                0x000000000000169c                CLOCK_InitOsc0
 .text.CLOCK_SetPbeMode
                0x0000000000001730       0xb0 ./drivers/fsl_clock.o
                0x0000000000001730                CLOCK_SetPbeMode
 .text.CLOCK_BootToPeeMode
                0x00000000000017e0       0x70 ./drivers/fsl_clock.o
                0x00000000000017e0                CLOCK_BootToPeeMode
 .text.GPIO_PinInit
                0x0000000000001850       0x64 ./drivers/fsl_gpio.o
                0x0000000000001850                GPIO_PinInit
 .text.NVIC_EnableIRQ
                0x00000000000018b4       0x2c ./drivers/fsl_i2c.o
 .text.CLOCK_EnableClock
                0x00000000000018e0       0x34 ./drivers/fsl_i2c.o
 .text.I2C_GetInstance
                0x0000000000001914       0x4c ./drivers/fsl_i2c.o
                0x0000000000001914                I2C_GetInstance
 .text.I2C_InitTransferStateMachine
                0x0000000000001960       0x9c ./drivers/fsl_i2c.o
 .text.I2C_CheckAndClearError
                0x00000000000019fc       0x40 ./drivers/fsl_i2c.o
 .text.I2C_MasterTransferRunStateMachine
                0x0000000000001a3c      0x26c ./drivers/fsl_i2c.o
 .text.I2C_TransferCommonIRQHandler
                0x0000000000001ca8       0x58 ./drivers/fsl_i2c.o
 .text.I2C_MasterInit
                0x0000000000001d00       0xfc ./drivers/fsl_i2c.o
                0x0000000000001d00                I2C_MasterInit
 .text.I2C_MasterGetDefaultConfig
                0x0000000000001dfc       0x40 ./drivers/fsl_i2c.o
                0x0000000000001dfc                I2C_MasterGetDefaultConfig
 .text.I2C_MasterSetBaudRate
                0x0000000000001e3c       0xf0 ./drivers/fsl_i2c.o
                0x0000000000001e3c                I2C_MasterSetBaudRate
 .text.I2C_MasterStart
                0x0000000000001f2c       0x74 ./drivers/fsl_i2c.o
                0x0000000000001f2c                I2C_MasterStart
 .text.I2C_MasterRepeatedStart
                0x0000000000001fa0       0xc0 ./drivers/fsl_i2c.o
                0x0000000000001fa0                I2C_MasterRepeatedStart
 .text.I2C_MasterTransferCreateHandle
                0x0000000000002060       0x7c ./drivers/fsl_i2c.o
                0x0000000000002060                I2C_MasterTransferCreateHandle
 .text.I2C_MasterTransferNonBlocking
                0x00000000000020dc       0x70 ./drivers/fsl_i2c.o
                0x00000000000020dc                I2C_MasterTransferNonBlocking
 .text.I2C_MasterTransferHandleIRQ
                0x000000000000214c       0xbc ./drivers/fsl_i2c.o
                0x000000000000214c                I2C_MasterTransferHandleIRQ
 .text.I2C0_DriverIRQHandler
                0x0000000000002208       0x20 ./drivers/fsl_i2c.o
                0x0000000000002208                I2C0_DriverIRQHandler
 .text.I2C1_DriverIRQHandler
                0x0000000000002228       0x20 ./drivers/fsl_i2c.o
                0x0000000000002228                I2C1_DriverIRQHandler
 .text.CLOCK_EnableClock
                0x0000000000002248       0x34 ./drivers/fsl_lpsci.o
 .text.LPSCI_GetInstance
                0x000000000000227c       0x48 ./drivers/fsl_lpsci.o
                0x000000000000227c                LPSCI_GetInstance
 .text.LPSCI_Init
                0x00000000000022c4      0x258 ./drivers/fsl_lpsci.o
                0x00000000000022c4                LPSCI_Init
 .text.LPSCI_GetDefaultConfig
                0x000000000000251c       0x44 ./drivers/fsl_lpsci.o
                0x000000000000251c                LPSCI_GetDefaultConfig
 .text.LPSCI_ClearStatusFlags
                0x0000000000002560       0x94 ./drivers/fsl_lpsci.o
                0x0000000000002560                LPSCI_ClearStatusFlags
 .text.LPSCI_WriteBlocking
                0x00000000000025f4       0x4c ./drivers/fsl_lpsci.o
                0x00000000000025f4                LPSCI_WriteBlocking
 .text.LPSCI_ReadBlocking
                0x0000000000002640       0xc0 ./drivers/fsl_lpsci.o
                0x0000000000002640                LPSCI_ReadBlocking
 .text.UART0_DriverIRQHandler
                0x0000000000002700       0x24 ./drivers/fsl_lpsci.o
                0x0000000000002700                UART0_DriverIRQHandler
 .text.CLOCK_EnableClock
                0x0000000000002724       0x34 ./drivers/fsl_tpm.o
 .text.TPM_GetInstance
                0x0000000000002758       0x54 ./drivers/fsl_tpm.o
 .text.TPM_Init
                0x00000000000027ac       0xd0 ./drivers/fsl_tpm.o
                0x00000000000027ac                TPM_Init
 .text.TPM_GetDefaultConfig
                0x000000000000287c       0x54 ./drivers/fsl_tpm.o
                0x000000000000287c                TPM_GetDefaultConfig
 .text.TPM_SetupPwm
                0x00000000000028d0      0x1f4 ./drivers/fsl_tpm.o
                0x00000000000028d0                TPM_SetupPwm
 .text.TPM_UpdatePwmDutycycle
                0x0000000000002ac4       0xc4 ./drivers/fsl_tpm.o
                0x0000000000002ac4                TPM_UpdatePwmDutycycle
 .text.TPM_UpdateChnlEdgeLevelSelect
                0x0000000000002b88      0x10c ./drivers/fsl_tpm.o
                0x0000000000002b88                TPM_UpdateChnlEdgeLevelSelect
 .text.CLOCK_EnableClock
                0x0000000000002c94       0x34 ./drivers/fsl_uart.o
 .text.UART_GetInstance
                0x0000000000002cc8       0x54 ./drivers/fsl_uart.o
                0x0000000000002cc8                UART_GetInstance
 .text.UART_Init
                0x0000000000002d1c      0x1e0 ./drivers/fsl_uart.o
                0x0000000000002d1c                UART_Init
 .text.UART_GetDefaultConfig
                0x0000000000002efc       0x44 ./drivers/fsl_uart.o
                0x0000000000002efc                UART_GetDefaultConfig
 .text.UART_ReadBlocking
                0x0000000000002f40       0x98 ./drivers/fsl_uart.o
                0x0000000000002f40                UART_ReadBlocking
 .text.UART1_DriverIRQHandler
                0x0000000000002fd8       0x24 ./drivers/fsl_uart.o
                0x0000000000002fd8                UART1_DriverIRQHandler
 .text.UART2_DriverIRQHandler
                0x0000000000002ffc       0x24 ./drivers/fsl_uart.o
                0x0000000000002ffc                UART2_DriverIRQHandler
 .text.CLOCK_SetLpsci0Clock
                0x0000000000003020       0x38 ./board/board.o
 .text.BOARD_InitDebugConsole
                0x0000000000003058       0x30 ./board/board.o
                0x0000000000003058                BOARD_InitDebugConsole
 .text.CLOCK_SetSimSafeDivs
                0x0000000000003088       0x20 ./board/clock_config.o
 .text.CLOCK_SetXtal0Freq
                0x00000000000030a8       0x1c ./board/clock_config.o
 .text.CLOCK_CONFIG_SetFllExtRefDiv
                0x00000000000030c4       0x3c ./board/clock_config.o
 .text.BOARD_BootClockRUN
                0x0000000000003100       0x64 ./board/clock_config.o
                0x0000000000003100                BOARD_BootClockRUN
 .text.CLOCK_EnableClock
                0x0000000000003164       0x34 ./board/pin_mux.o
 .text.PORT_SetPinConfig
                0x0000000000003198       0x38 ./board/pin_mux.o
 .text.PORT_SetPinMux
                0x00000000000031d0       0x40 ./board/pin_mux.o
 .text.BOARD_InitPins
                0x0000000000003210       0xb8 ./board/pin_mux.o
                0x0000000000003210                BOARD_InitPins
 .text.BOARD_I2C_ConfigurePins
                0x00000000000032c8       0x8c ./board/pin_mux.o
                0x00000000000032c8                BOARD_I2C_ConfigurePins
 .text.SystemInit
                0x0000000000003354       0x18 ./CMSIS/system_MKL25Z4.o
                0x0000000000003354                SystemInit
 .text.__assertion_failed
                0x000000000000336c       0x4c /Applications/MCUXpressoIDE_11.3.0_5222/ide/plugins/com.nxp.mcuxpresso.tools.macosx_11.3.0.202011031536/tools/bin/../lib/gcc/arm-none-eabi/9.3.1/../../../../arm-none-eabi/lib/thumb/v6-m/nofp/libcr_semihost_nf.a(_cr_assert.o)
                0x000000000000336c                __assertion_failed
 .text.__sys_appexit
                0x00000000000033b8        0xc /Applications/MCUXpressoIDE_11.3.0_5222/ide/plugins/com.nxp.mcuxpresso.tools.macosx_11.3.0.202011031536/tools/bin/../lib/gcc/arm-none-eabi/9.3.1/../../../../arm-none-eabi/lib/thumb/v6-m/nofp/libcr_semihost_nf.a(__sys_appexit.o)
                0x00000000000033b8                __exit
                0x00000000000033b8                __sys_appexit
 .text._deferredlazyseek
                0x00000000000033c4       0x40 /Applications/MCUXpressoIDE_11.3.0_5222/ide/plugins/com.nxp.mcuxpresso.tools.macosx_11.3.0.202011031536/tools/bin/../lib/gcc/arm-none-eabi/9.3.1/../../../../arm-none-eabi/lib/thumb/v6-m/nofp/libcr_c.a(_deferredlazyseek.o)
                0x00000000000033c4                _deferredlazyseek
 .text.__flsbuf
                0x0000000000003404      0x150 /Applications/MCUXpressoIDE_11.3.0_5222/ide/plugins/com.nxp.mcuxpresso.tools.macosx_11.3.0.202011031536/tools/bin/../lib/gcc/arm-none-eabi/9.3.1/../../../../arm-none-eabi/lib/thumb/v6-m/nofp/libcr_c.a(_deferredlazyseek.o)
                0x0000000000003404                __flsbuf
 .text._fflush  0x0000000000003554       0x60 /Applications/MCUXpressoIDE_11.3.0_5222/ide/plugins/com.nxp.mcuxpresso.tools.macosx_11.3.0.202011031536/tools/bin/../lib/gcc/arm-none-eabi/9.3.1/../../../../arm-none-eabi/lib/thumb/v6-m/nofp/libcr_c.a(_fflush.o)
                0x0000000000003554                _fflush
 .text._Cwritebuf
                0x00000000000035b4       0x68 /Applications/MCUXpressoIDE_11.3.0_5222/ide/plugins/com.nxp.mcuxpresso.tools.macosx_11.3.0.202011031536/tools/bin/../lib/gcc/arm-none-eabi/9.3.1/../../../../arm-none-eabi/lib/thumb/v6-m/nofp/libcr_c.a(_writebuf.o)
                0x00000000000035b4                _Cwritebuf
 .text.malloc   0x000000000000361c       0xd0 /Applications/MCUXpressoIDE_11.3.0_5222/ide/plugins/com.nxp.mcuxpresso.tools.macosx_11.3.0.202011031536/tools/bin/../lib/gcc/arm-none-eabi/9.3.1/../../../../arm-none-eabi/lib/thumb/v6-m/nofp/libcr_c.a(alloc.o)
                0x000000000000361c                malloc
 .text._Csys_alloc
                0x00000000000036ec       0x20 /Applications/MCUXpressoIDE_11.3.0_5222/ide/plugins/com.nxp.mcuxpresso.tools.macosx_11.3.0.202011031536/tools/bin/../lib/gcc/arm-none-eabi/9.3.1/../../../../arm-none-eabi/lib/thumb/v6-m/nofp/libcr_c.a(alloc.o)
                0x00000000000036ec                _Csys_alloc
 .text.fseek    0x000000000000370c       0xf4 /Applications/MCUXpressoIDE_11.3.0_5222/ide/plugins/com.nxp.mcuxpresso.tools.macosx_11.3.0.202011031536/tools/bin/../lib/gcc/arm-none-eabi/9.3.1/../../../../arm-none-eabi/lib/thumb/v6-m/nofp/libcr_c.a(fseek.o)
                0x000000000000370c                fseek
 .text.ftell    0x0000000000003800       0x48 /Applications/MCUXpressoIDE_11.3.0_5222/ide/plugins/com.nxp.mcuxpresso.tools.macosx_11.3.0.202011031536/tools/bin/../lib/gcc/arm-none-eabi/9.3.1/../../../../arm-none-eabi/lib/thumb/v6-m/nofp/libcr_c.a(ftell.o)
                0x0000000000003800                ftell
 .text._initio  0x0000000000003848       0x7c /Applications/MCUXpressoIDE_11.3.0_5222/ide/plugins/com.nxp.mcuxpresso.tools.macosx_11.3.0.202011031536/tools/bin/../lib/gcc/arm-none-eabi/9.3.1/../../../../arm-none-eabi/lib/thumb/v6-m/nofp/libcr_c.a(initio.o)
                0x0000000000003848                _initio
 .text.__vfprintf
                0x00000000000038c4      0xd40 /Applications/MCUXpressoIDE_11.3.0_5222/ide/plugins/com.nxp.mcuxpresso.tools.macosx_11.3.0.202011031536/tools/bin/../lib/gcc/arm-none-eabi/9.3.1/../../../../arm-none-eabi/lib/thumb/v6-m/nofp/libcr_c.a(printf.o)
                0x00000000000038c4                __vfprintf
 .text._vsnprintf
                0x0000000000004604       0x70 /Applications/MCUXpressoIDE_11.3.0_5222/ide/plugins/com.nxp.mcuxpresso.tools.macosx_11.3.0.202011031536/tools/bin/../lib/gcc/arm-none-eabi/9.3.1/../../../../arm-none-eabi/lib/thumb/v6-m/nofp/libcr_c.a(printf.o)
                0x0000000000004604                _vsnprintf
 .text._printf  0x0000000000004674       0x50 /Applications/MCUXpressoIDE_11.3.0_5222/ide/plugins/com.nxp.mcuxpresso.tools.macosx_11.3.0.202011031536/tools/bin/../lib/gcc/arm-none-eabi/9.3.1/../../../../arm-none-eabi/lib/thumb/v6-m/nofp/libcr_c.a(printf.o)
                0x0000000000004674                _printf
 .text.setvbuf  0x00000000000046c4       0x4c /Applications/MCUXpressoIDE_11.3.0_5222/ide/plugins/com.nxp.mcuxpresso.tools.macosx_11.3.0.202011031536/tools/bin/../lib/gcc/arm-none-eabi/9.3.1/../../../../arm-none-eabi/lib/thumb/v6-m/nofp/libcr_c.a(setvbuf.o)
                0x00000000000046c4                setvbuf
 .text.strlen   0x0000000000004710       0x58 /Applications/MCUXpressoIDE_11.3.0_5222/ide/plugins/com.nxp.mcuxpresso.tools.macosx_11.3.0.202011031536/tools/bin/../lib/gcc/arm-none-eabi/9.3.1/../../../../arm-none-eabi/lib/thumb/v6-m/nofp/libcr_c.a(strlen.o)
                0x0000000000004710                strlen
 .text._sbrk    0x0000000000004768       0x44 /Applications/MCUXpressoIDE_11.3.0_5222/ide/plugins/com.nxp.mcuxpresso.tools.macosx_11.3.0.202011031536/tools/bin/../lib/gcc/arm-none-eabi/9.3.1/../../../../arm-none-eabi/lib/thumb/v6-m/nofp/libcr_c.a(_cr_sbrk.o)
                0x0000000000004768                _sbrk
 .text._fdopen  0x00000000000047ac       0x74 /Applications/MCUXpressoIDE_11.3.0_5222/ide/plugins/com.nxp.mcuxpresso.tools.macosx_11.3.0.202011031536/tools/bin/../lib/gcc/arm-none-eabi/9.3.1/../../../../arm-none-eabi/lib/thumb/v6-m/nofp/libcr_c.a(_fdopen.o)
                0x00000000000047ac                _fdopen
 .text.fclose   0x0000000000004820       0x5c /Applications/MCUXpressoIDE_11.3.0_5222/ide/plugins/com.nxp.mcuxpresso.tools.macosx_11.3.0.202011031536/tools/bin/../lib/gcc/arm-none-eabi/9.3.1/../../../../arm-none-eabi/lib/thumb/v6-m/nofp/libcr_c.a(fclose.o)
                0x0000000000004820                fclose
 .text.fflush   0x000000000000487c       0x44 /Applications/MCUXpressoIDE_11.3.0_5222/ide/plugins/com.nxp.mcuxpresso.tools.macosx_11.3.0.202011031536/tools/bin/../lib/gcc/arm-none-eabi/9.3.1/../../../../arm-none-eabi/lib/thumb/v6-m/nofp/libcr_c.a(fflush.o)
                0x000000000000487c                fflush
 .text.__check_heap_overflow
                0x00000000000048c0       0x14 /Applications/MCUXpressoIDE_11.3.0_5222/ide/plugins/com.nxp.mcuxpresso.tools.macosx_11.3.0.202011031536/tools/bin/../lib/gcc/arm-none-eabi/9.3.1/../../../../arm-none-eabi/lib/thumb/v6-m/nofp/libcr_c.a(_cr_check_heap.o)
                0x00000000000048c0                __check_heap_overflow
 .text._do_fflush
                0x00000000000048d4       0x48 /Applications/MCUXpressoIDE_11.3.0_5222/ide/plugins/com.nxp.mcuxpresso.tools.macosx_11.3.0.202011031536/tools/bin/../lib/gcc/arm-none-eabi/9.3.1/../../../../arm-none-eabi/lib/thumb/v6-m/nofp/libcr_c.a(_do_fflush.o)
                0x00000000000048d4                _do_fflush
 .text.UART_EnableTx
                0x000000000000491c       0x40 ./utilities/fsl_debug_console.o
 .text.UART_EnableRx
                0x000000000000495c       0x40 ./utilities/fsl_debug_console.o
 .text.LPSCI_EnableTx
                0x000000000000499c       0x40 ./utilities/fsl_debug_console.o
 .text.LPSCI_EnableRx
                0x00000000000049dc       0x40 ./utilities/fsl_debug_console.o
 .text.GPIO_WritePinOutput
                0x0000000000004a1c       0x34 ./source/via.o
 .text.TPM_StartTimer
                0x0000000000004a50       0x3a ./source/via.o
 .text.i2c_release_bus_delay
                0x0000000000004a8a       0x2a ./source/via.o
 .text.OSC_SetExtRefClkConfig
                0x0000000000004ab4       0x3e ./drivers/fsl_clock.o
 .text.OSC_SetCapLoad
                0x0000000000004af2       0x42 ./drivers/fsl_clock.o
 .text.CLOCK_GetPll0RefFreq
                0x0000000000004b34       0x10 ./drivers/fsl_clock.o
 .text.CLOCK_GetFixedFreqClkFreq
                0x0000000000004b44       0x30 ./drivers/fsl_clock.o
                0x0000000000004b44                CLOCK_GetFixedFreqClkFreq
 .text.CLOCK_SetExternalRefClkConfig
                0x0000000000004b74       0x16 ./drivers/fsl_clock.o
                0x0000000000004b74                CLOCK_SetExternalRefClkConfig
 .text.GPIO_WritePinOutput
                0x0000000000004b8a       0x34 ./drivers/fsl_gpio.o
 .text.EnableIRQ
                0x0000000000004bbe       0x2c ./drivers/fsl_i2c.o
 .text.I2C_MasterClearStatusFlags
                0x0000000000004bea       0x38 ./drivers/fsl_i2c.o
 .text.I2C_EnableInterrupts
                0x0000000000004c22       0x5c ./drivers/fsl_i2c.o
                0x0000000000004c22                I2C_EnableInterrupts
 .text.I2C_DisableInterrupts
                0x0000000000004c7e       0x42 ./drivers/fsl_i2c.o
                0x0000000000004c7e                I2C_DisableInterrupts
 .text.I2C_MasterStop
                0x0000000000004cc0       0x64 ./drivers/fsl_i2c.o
                0x0000000000004cc0                I2C_MasterStop
 .text.I2C_MasterGetStatusFlags
                0x0000000000004d24       0x32 ./drivers/fsl_i2c.o
                0x0000000000004d24                I2C_MasterGetStatusFlags
 .text.LPSCI_GetStatusFlags
                0x0000000000004d56       0x26 ./drivers/fsl_lpsci.o
                0x0000000000004d56                LPSCI_GetStatusFlags
 .text.UART_GetStatusFlags
                0x0000000000004d7c       0x26 ./drivers/fsl_uart.o
                0x0000000000004d7c                UART_GetStatusFlags
 .text.UART_WriteBlocking
                0x0000000000004da2       0x3c ./drivers/fsl_uart.o
                0x0000000000004da2                UART_WriteBlocking
 .text.__main   0x0000000000004dde        0xc /Applications/MCUXpressoIDE_11.3.0_5222/ide/plugins/com.nxp.mcuxpresso.tools.macosx_11.3.0.202011031536/tools/bin/../lib/gcc/arm-none-eabi/9.3.1/../../../../arm-none-eabi/lib/thumb/v6-m/nofp/libcr_semihost_nf.a(_cr__main.o)
                0x0000000000004dde                __main
                0x0000000000004dde                __CR_SEMIHOST
 .text.memset   0x0000000000004dea        0x8 /Applications/MCUXpressoIDE_11.3.0_5222/ide/plugins/com.nxp.mcuxpresso.tools.macosx_11.3.0.202011031536/tools/bin/../lib/gcc/arm-none-eabi/9.3.1/../../../../arm-none-eabi/lib/thumb/v6-m/nofp/libcr_c.a(memset.o)
                0x0000000000004dea                memset
 .text.free     0x0000000000004df2       0x2c /Applications/MCUXpressoIDE_11.3.0_5222/ide/plugins/com.nxp.mcuxpresso.tools.macosx_11.3.0.202011031536/tools/bin/../lib/gcc/arm-none-eabi/9.3.1/../../../../arm-none-eabi/lib/thumb/v6-m/nofp/libcr_c.a(alloc.o)
                0x0000000000004df2                free
 .text.fputs    0x0000000000004e1e       0x2e /Applications/MCUXpressoIDE_11.3.0_5222/ide/plugins/com.nxp.mcuxpresso.tools.macosx_11.3.0.202011031536/tools/bin/../lib/gcc/arm-none-eabi/9.3.1/../../../../arm-none-eabi/lib/thumb/v6-m/nofp/libcr_c.a(fputs.o)
                0x0000000000004e1e                fputs
 .text.no_fp_display
                0x0000000000004e4c        0x4 /Applications/MCUXpressoIDE_11.3.0_5222/ide/plugins/com.nxp.mcuxpresso.tools.macosx_11.3.0.202011031536/tools/bin/../lib/gcc/arm-none-eabi/9.3.1/../../../../arm-none-eabi/lib/thumb/v6-m/nofp/libcr_c.a(printf.o)
 .text.remove   0x0000000000004e50       0x12 /Applications/MCUXpressoIDE_11.3.0_5222/ide/plugins/com.nxp.mcuxpresso.tools.macosx_11.3.0.202011031536/tools/bin/../lib/gcc/arm-none-eabi/9.3.1/../../../../arm-none-eabi/lib/thumb/v6-m/nofp/libcr_c.a(remove.o)
                0x0000000000004e50                remove
 .text.__aeabi_division_idivmod
                0x0000000000004e62       0x78 /Applications/MCUXpressoIDE_11.3.0_5222/ide/plugins/com.nxp.mcuxpresso.tools.macosx_11.3.0.202011031536/tools/bin/../lib/gcc/arm-none-eabi/9.3.1/thumb/v6-m/nofp/libcr_eabihelpers.a(division_32.o)
                0x0000000000004e62                __aeabi_idiv
                0x0000000000004e62                __aeabi_idivmod
                0x0000000000004e68                __aeabi_uidiv
                0x0000000000004e68                __aeabi_uidivmod
 .text.__aeabi_division_idiv0
                0x0000000000004eda        0x2 /Applications/MCUXpressoIDE_11.3.0_5222/ide/plugins/com.nxp.mcuxpresso.tools.macosx_11.3.0.202011031536/tools/bin/../lib/gcc/arm-none-eabi/9.3.1/thumb/v6-m/nofp/libcr_eabihelpers.a(division_idiv0.o)
                0x0000000000004eda                __aeabi_idiv0
 .text.__aeabi_llong_lmul
                0x0000000000004edc       0x2e /Applications/MCUXpressoIDE_11.3.0_5222/ide/plugins/com.nxp.mcuxpresso.tools.macosx_11.3.0.202011031536/tools/bin/../lib/gcc/arm-none-eabi/9.3.1/thumb/v6-m/nofp/libcr_eabihelpers.a(llong.o)
                0x0000000000004edc                __aeabi_lmul
 .text.__aeabi_memset_lowlevel
                0x0000000000004f0a       0x2a /Applications/MCUXpressoIDE_11.3.0_5222/ide/plugins/com.nxp.mcuxpresso.tools.macosx_11.3.0.202011031536/tools/bin/../lib/gcc/arm-none-eabi/9.3.1/thumb/v6-m/nofp/libcr_eabihelpers.a(memcpy.o)
                0x0000000000004f0a                __aeabi_lowlevel_memset
 .text.__gnu_thumb1_case_shi
                0x0000000000004f34       0x10 /Applications/MCUXpressoIDE_11.3.0_5222/ide/plugins/com.nxp.mcuxpresso.tools.macosx_11.3.0.202011031536/tools/bin/../lib/gcc/arm-none-eabi/9.3.1/thumb/v6-m/nofp/libcr_eabihelpers.a(thumb1_switch_helpers.o)
                0x0000000000004f34                __gnu_thumb1_case_shi
 .text.__sys_close
                0x0000000000004f44        0xc /Applications/MCUXpressoIDE_11.3.0_5222/ide/plugins/com.nxp.mcuxpresso.tools.macosx_11.3.0.202011031536/tools/bin/../lib/gcc/arm-none-eabi/9.3.1/../../../../arm-none-eabi/lib/thumb/v6-m/nofp/libcr_semihost_nf.a(__sys_close.o)
                0x0000000000004f44                __sys_close
 .text.__sys_flen
                0x0000000000004f50        0xc /Applications/MCUXpressoIDE_11.3.0_5222/ide/plugins/com.nxp.mcuxpresso.tools.macosx_11.3.0.202011031536/tools/bin/../lib/gcc/arm-none-eabi/9.3.1/../../../../arm-none-eabi/lib/thumb/v6-m/nofp/libcr_semihost_nf.a(__sys_flen.o)
                0x0000000000004f50                __sys_flen
 .text.__sys_istty
                0x0000000000004f5c        0xc /Applications/MCUXpressoIDE_11.3.0_5222/ide/plugins/com.nxp.mcuxpresso.tools.macosx_11.3.0.202011031536/tools/bin/../lib/gcc/arm-none-eabi/9.3.1/../../../../arm-none-eabi/lib/thumb/v6-m/nofp/libcr_semihost_nf.a(__sys_istty.o)
                0x0000000000004f5c                __sys_istty
 .text.__sys_remove
                0x0000000000004f68        0xc /Applications/MCUXpressoIDE_11.3.0_5222/ide/plugins/com.nxp.mcuxpresso.tools.macosx_11.3.0.202011031536/tools/bin/../lib/gcc/arm-none-eabi/9.3.1/../../../../arm-none-eabi/lib/thumb/v6-m/nofp/libcr_semihost_nf.a(__sys_remove.o)
                0x0000000000004f68                __sys_remove
 .text.__sys_seek
                0x0000000000004f74        0xc /Applications/MCUXpressoIDE_11.3.0_5222/ide/plugins/com.nxp.mcuxpresso.tools.macosx_11.3.0.202011031536/tools/bin/../lib/gcc/arm-none-eabi/9.3.1/../../../../arm-none-eabi/lib/thumb/v6-m/nofp/libcr_semihost_nf.a(__sys_seek.o)
                0x0000000000004f74                __sys_seek
 .text.__sys_tmpnam
                0x0000000000004f80        0xc /Applications/MCUXpressoIDE_11.3.0_5222/ide/plugins/com.nxp.mcuxpresso.tools.macosx_11.3.0.202011031536/tools/bin/../lib/gcc/arm-none-eabi/9.3.1/../../../../arm-none-eabi/lib/thumb/v6-m/nofp/libcr_semihost_nf.a(__sys_tmpnam.o)
                0x0000000000004f80                __sys_tmpnam
 .text.__sys_write
                0x0000000000004f8c        0xc /Applications/MCUXpressoIDE_11.3.0_5222/ide/plugins/com.nxp.mcuxpresso.tools.macosx_11.3.0.202011031536/tools/bin/../lib/gcc/arm-none-eabi/9.3.1/../../../../arm-none-eabi/lib/thumb/v6-m/nofp/libcr_semihost_nf.a(__sys_write.o)
                0x0000000000004f8c                __sys_write
 *(SORT_BY_ALIGNMENT(.rodata) SORT_BY_ALIGNMENT(.rodata.*) SORT_BY_ALIGNMENT(.constdata) SORT_BY_ALIGNMENT(.constdata.*))
 .rodata.PORT_SetPinConfig.str1.4
                0x0000000000004f98       0x7d ./source/via.o
 *fill*         0x0000000000005015        0x3 ff
 .rodata.g_accel_address
                0x0000000000005018        0x4 ./source/via.o
                0x0000000000005018                g_accel_address
 .rodata.I2C_ReadAccelWhoAmI.str1.4
                0x000000000000501c      0x140 ./source/via.o
 .rodata.main.str1.4
                0x000000000000515c       0x61 ./source/via.o
 *fill*         0x00000000000051bd        0x3 ff
 .rodata.CLOCK_GetMcgExtClkFreq.str1.4
                0x00000000000051c0       0x1f ./drivers/fsl_clock.o
 *fill*         0x00000000000051df        0x1 ff
 .rodata.CLOCK_GetOsc0ErClkFreq.str1.4
                0x00000000000051e0       0x1f ./drivers/fsl_clock.o
 *fill*         0x00000000000051ff        0x1 ff
 .rodata.CLOCK_GetEr32kClkFreq.str1.4
                0x0000000000005200       0x20 ./drivers/fsl_clock.o
 .rodata.CLOCK_GetFreq
                0x0000000000005220       0x38 ./drivers/fsl_clock.o
 .rodata.CLOCK_GetPll0Freq.str1.4
                0x0000000000005258       0x1e ./drivers/fsl_clock.o
 *fill*         0x0000000000005276        0x2 ff
 .rodata.CLOCK_EnablePll0.str1.4
                0x0000000000005278       0x1a ./drivers/fsl_clock.o
 *fill*         0x0000000000005292        0x2 ff
 .rodata.CLOCK_SetPbeMode.str1.4
                0x0000000000005294       0x1b ./drivers/fsl_clock.o
 *fill*         0x00000000000052af        0x1 ff
 .rodata.CLOCK_BootToPeeMode.str1.4
                0x00000000000052b0       0x1b ./drivers/fsl_clock.o
 *fill*         0x00000000000052cb        0x1 ff
 .rodata.fllFactorTable.5210
                0x00000000000052cc       0x10 ./drivers/fsl_clock.o
 .rodata.GPIO_PinInit.str1.4
                0x00000000000052dc       0x18 ./drivers/fsl_gpio.o
 .rodata.s_i2cDividerTable
                0x00000000000052f4       0x80 ./drivers/fsl_i2c.o
 .rodata.s_i2cBases
                0x0000000000005374        0x8 ./drivers/fsl_i2c.o
 .rodata.s_i2cIrqs
                0x000000000000537c        0x2 ./drivers/fsl_i2c.o
 *fill*         0x000000000000537e        0x2 ff
 .rodata.s_i2cClocks
                0x0000000000005380        0x8 ./drivers/fsl_i2c.o
 .rodata.I2C_GetInstance.str1.4
                0x0000000000005388       0x33 ./drivers/fsl_i2c.o
 *fill*         0x00000000000053bb        0x1 ff
 .rodata.I2C_MasterInit.str1.4
                0x00000000000053bc       0x2d ./drivers/fsl_i2c.o
 *fill*         0x00000000000053e9        0x3 ff
 .rodata.I2C_MasterGetDefaultConfig.str1.4
                0x00000000000053ec       0x1e ./drivers/fsl_i2c.o
 *fill*         0x000000000000540a        0x2 ff
 .rodata.I2C_MasterTransferCreateHandle.str1.4
                0x000000000000540c       0x19 ./drivers/fsl_i2c.o
 *fill*         0x0000000000005425        0x3 ff
 .rodata.I2C_MasterTransferNonBlocking.str1.4
                0x0000000000005428       0x33 ./drivers/fsl_i2c.o
 *fill*         0x000000000000545b        0x1 ff
 .rodata.I2C_MasterTransferHandleIRQ.str1.4
                0x000000000000545c       0x1c ./drivers/fsl_i2c.o
 .rodata.LPSCI_GetInstance.str1.4
                0x0000000000005478       0x37 ./drivers/fsl_lpsci.o
 *fill*         0x00000000000054af        0x1 ff
 .rodata.LPSCI_Init.str1.4
                0x00000000000054b0       0x44 ./drivers/fsl_lpsci.o
 .rodata.LPSCI_GetDefaultConfig.str1.4
                0x00000000000054f4       0x1a ./drivers/fsl_lpsci.o
 *fill*         0x000000000000550e        0x2 ff
 .rodata.LPSCI_WriteBlocking.str1.4
                0x0000000000005510       0x18 ./drivers/fsl_lpsci.o
 .rodata.LPSCI_ReadBlocking.str1.4
                0x0000000000005528       0x18 ./drivers/fsl_lpsci.o
 .rodata.s_tpmBases
                0x0000000000005540        0xc ./drivers/fsl_tpm.o
 .rodata.s_tpmClocks
                0x000000000000554c        0xc ./drivers/fsl_tpm.o
 .rodata.TPM_GetInstance.str1.4
                0x0000000000005558       0x29 ./drivers/fsl_tpm.o
 *fill*         0x0000000000005581        0x3 ff
 .rodata.TPM_Init.str1.4
                0x0000000000005584       0x17 ./drivers/fsl_tpm.o
 *fill*         0x000000000000559b        0x1 ff
 .rodata.TPM_GetDefaultConfig.str1.4
                0x000000000000559c       0x18 ./drivers/fsl_tpm.o
 .rodata.TPM_SetupPwm.str1.4
                0x00000000000055b4       0x71 ./drivers/fsl_tpm.o
 *fill*         0x0000000000005625        0x3 ff
 .rodata.TPM_UpdatePwmDutycycle.str1.4
                0x0000000000005628       0x43 ./drivers/fsl_tpm.o
 *fill*         0x000000000000566b        0x1 ff
 .rodata.TPM_UpdateChnlEdgeLevelSelect.str1.4
                0x000000000000566c       0x43 ./drivers/fsl_tpm.o
 *fill*         0x00000000000056af        0x1 ff
 .rodata.s_uartBases
                0x00000000000056b0        0xc ./drivers/fsl_uart.o
 .rodata.s_uartClock
                0x00000000000056bc        0xc ./drivers/fsl_uart.o
 .rodata.UART_GetInstance.str1.4
                0x00000000000056c8       0x2c ./drivers/fsl_uart.o
 .rodata.UART_Init.str1.4
                0x00000000000056f4       0x43 ./drivers/fsl_uart.o
 *fill*         0x0000000000005737        0x1 ff
 .rodata.UART_GetDefaultConfig.str1.4
                0x0000000000005738       0x19 ./drivers/fsl_uart.o
 *fill*         0x0000000000005751        0x3 ff
 .rodata.UART_ReadBlocking.str1.4
                0x0000000000005754       0x17 ./drivers/fsl_uart.o
 *fill*         0x000000000000576b        0x1 ff
 .rodata.mcgConfig_BOARD_BootClockRUN
                0x000000000000576c        0xa ./board/clock_config.o
                0x000000000000576c                mcgConfig_BOARD_BootClockRUN
 *fill*         0x0000000000005776        0x2 ff
 .rodata.simConfig_BOARD_BootClockRUN
                0x0000000000005778        0x8 ./board/clock_config.o
                0x0000000000005778                simConfig_BOARD_BootClockRUN
 .rodata.oscConfig_BOARD_BootClockRUN
                0x0000000000005780        0x8 ./board/clock_config.o
                0x0000000000005780                oscConfig_BOARD_BootClockRUN
 .rodata.PORT_SetPinConfig.str1.4
                0x0000000000005788       0x7d ./board/pin_mux.o
 .rodata.__num_Ciob_streams
                0x0000000000005788        0x4 /Applications/MCUXpressoIDE_11.3.0_5222/ide/plugins/com.nxp.mcuxpresso.tools.macosx_11.3.0.202011031536/tools/bin/../lib/gcc/arm-none-eabi/9.3.1/../../../../arm-none-eabi/lib/thumb/v6-m/nofp/libcr_semihost_nf.a(__ciob.o)
                0x0000000000005788                __num_Ciob_streams
 .rodata.__assertion_failed.str1.1
                0x000000000000578c       0x15 /Applications/MCUXpressoIDE_11.3.0_5222/ide/plugins/com.nxp.mcuxpresso.tools.macosx_11.3.0.202011031536/tools/bin/../lib/gcc/arm-none-eabi/9.3.1/../../../../arm-none-eabi/lib/thumb/v6-m/nofp/libcr_semihost_nf.a(_cr_assert.o)
 .rodata._Csys_alloc.str1.1
                0x00000000000057a1       0x18 /Applications/MCUXpressoIDE_11.3.0_5222/ide/plugins/com.nxp.mcuxpresso.tools.macosx_11.3.0.202011031536/tools/bin/../lib/gcc/arm-none-eabi/9.3.1/../../../../arm-none-eabi/lib/thumb/v6-m/nofp/libcr_c.a(alloc.o)
 .rodata._initio.str1.1
                0x00000000000057b9        0x4 /Applications/MCUXpressoIDE_11.3.0_5222/ide/plugins/com.nxp.mcuxpresso.tools.macosx_11.3.0.202011031536/tools/bin/../lib/gcc/arm-none-eabi/9.3.1/../../../../arm-none-eabi/lib/thumb/v6-m/nofp/libcr_c.a(initio.o)
 .rodata.__vfprintf.str1.1
                0x00000000000057bd       0x35 /Applications/MCUXpressoIDE_11.3.0_5222/ide/plugins/com.nxp.mcuxpresso.tools.macosx_11.3.0.202011031536/tools/bin/../lib/gcc/arm-none-eabi/9.3.1/../../../../arm-none-eabi/lib/thumb/v6-m/nofp/libcr_c.a(printf.o)
                                         0x38 (size before relaxing)
                0x0000000000005808                . = ALIGN (0x4)
 *fill*         0x00000000000057f2        0x2 ff

.glue_7         0x00000000000057f4        0x0
 .glue_7        0x00000000000057f4        0x0 linker stubs

.glue_7t        0x00000000000057f4        0x0
 .glue_7t       0x00000000000057f4        0x0 linker stubs

.vfp11_veneer   0x00000000000057f4        0x0
 .vfp11_veneer  0x00000000000057f4        0x0 linker stubs

.v4_bx          0x00000000000057f4        0x0
 .v4_bx         0x00000000000057f4        0x0 linker stubs

.iplt           0x00000000000057f4        0x0
 .iplt          0x00000000000057f4        0x0 ./utilities/fsl_debug_console.o

.rel.dyn        0x00000000000057f4        0x0
 .rel.iplt      0x00000000000057f4        0x0 ./utilities/fsl_debug_console.o

.ARM.extab
 *(SORT_BY_ALIGNMENT(.ARM.extab*) SORT_BY_ALIGNMENT(.gnu.linkonce.armextab.*))

.ARM.exidx      0x00000000000057f4        0x0
                0x00000000000057f4                __exidx_start = .
 *(SORT_BY_ALIGNMENT(.ARM.exidx*) SORT_BY_ALIGNMENT(.gnu.linkonce.armexidx.*))
                0x00000000000057f4                __exidx_end = .
                0x00000000000057f4                _etext = .

.m_usb_data
 *(SORT_BY_ALIGNMENT(m_usb_bdt))

.mtb_buffer_default
                0x000000001ffff000       0x80
 *(SORT_BY_ALIGNMENT(.mtb*))
 .mtb.$RAM1     0x000000001ffff000       0x80 ./source/mtb.o
                0x000000001ffff000                __mtb_buffer__

.uninit_RESERVED
                0x000000001ffff080        0x0
                0x000000001ffff080                _start_uninit_RESERVED = .
 *(SORT_BY_ALIGNMENT(.bss.$RESERVED*))
                0x000000001ffff080                . = ALIGN (0x4)
                0x000000001ffff080                _end_uninit_RESERVED = .

.data           0x000000001ffff080        0xc load address 0x00000000000057f4
 FILL mask 0xff
                0x000000001ffff080                _data = .
                [!provide]                        PROVIDE (__start_data_RAM = .)
                [!provide]                        PROVIDE (__start_data_SRAM = .)
 *(SORT_BY_ALIGNMENT(vtable))
 *(SORT_BY_ALIGNMENT(.ramfunc*))
 *(SORT_BY_ALIGNMENT(CodeQuickAccess))
 *(SORT_BY_ALIGNMENT(DataQuickAccess))
 *(SORT_BY_ALIGNMENT(RamFunction))
 *(SORT_BY_ALIGNMENT(.data*))
 .data.s_slowIrcFreq
                0x000000001ffff080        0x4 ./drivers/fsl_clock.o
 .data.s_fastIrcFreq
                0x000000001ffff084        0x4 ./drivers/fsl_clock.o
 .data.SystemCoreClock
                0x000000001ffff088        0x4 ./CMSIS/system_MKL25Z4.o
                0x000000001ffff088                SystemCoreClock
                0x000000001ffff08c                . = ALIGN (0x4)
                0x000000001ffff08c                _edata = .
                [!provide]                        PROVIDE (__end_data_RAM = .)
                [!provide]                        PROVIDE (__end_data_SRAM = .)

.igot.plt       0x000000001ffff08c        0x0 load address 0x0000000000005800
 .igot.plt      0x000000001ffff08c        0x0 ./utilities/fsl_debug_console.o

.bss            0x000000001ffff08c      0x12c
                0x000000001ffff08c                _bss = .
                [!provide]                        PROVIDE (__start_bss_RAM = .)
                [!provide]                        PROVIDE (__start_bss_SRAM = .)
 *(SORT_BY_ALIGNMENT(.bss*))
 .bss.s_debugConsole
                0x000000001ffff08c       0x10 ./utilities/fsl_debug_console.o
 .bss.g_m_handle
                0x000000001ffff09c       0x28 ./source/via.o
                0x000000001ffff09c                g_m_handle
 .bss.g_xtal0Freq
                0x000000001ffff0c4        0x4 ./drivers/fsl_clock.o
                0x000000001ffff0c4                g_xtal0Freq
 .bss.g_xtal32Freq
                0x000000001ffff0c8        0x4 ./drivers/fsl_clock.o
                0x000000001ffff0c8                g_xtal32Freq
 .bss.s_i2cHandle
                0x000000001ffff0cc        0x8 ./drivers/fsl_i2c.o
 .bss.s_i2cMasterIsr
                0x000000001ffff0d4        0x4 ./drivers/fsl_i2c.o
 .bss.s_i2cSlaveIsr
                0x000000001ffff0d8        0x4 ./drivers/fsl_i2c.o
 .bss.s_lpsciHandle
                0x000000001ffff0dc        0x4 ./drivers/fsl_lpsci.o
 .bss.s_lpsciIsr
                0x000000001ffff0e0        0x4 ./drivers/fsl_lpsci.o
 .bss.s_uartHandle
                0x000000001ffff0e4        0xc ./drivers/fsl_uart.o
 .bss.s_uartIsr
                0x000000001ffff0f0        0x4 ./drivers/fsl_uart.o
 .bss.__Ciob    0x000000001ffff0f4       0xb4 /Applications/MCUXpressoIDE_11.3.0_5222/ide/plugins/com.nxp.mcuxpresso.tools.macosx_11.3.0.202011031536/tools/bin/../lib/gcc/arm-none-eabi/9.3.1/../../../../arm-none-eabi/lib/thumb/v6-m/nofp/libcr_semihost_nf.a(__ciob.o)
                0x000000001ffff0f4                __Ciob
 .bss.__end_of_heap
                0x000000001ffff1a8        0x4 /Applications/MCUXpressoIDE_11.3.0_5222/ide/plugins/com.nxp.mcuxpresso.tools.macosx_11.3.0.202011031536/tools/bin/../lib/gcc/arm-none-eabi/9.3.1/../../../../arm-none-eabi/lib/thumb/v6-m/nofp/libcr_c.a(__init_alloc.o)
                0x000000001ffff1a8                __end_of_heap
 .bss.__heaps   0x000000001ffff1ac        0x4 /Applications/MCUXpressoIDE_11.3.0_5222/ide/plugins/com.nxp.mcuxpresso.tools.macosx_11.3.0.202011031536/tools/bin/../lib/gcc/arm-none-eabi/9.3.1/../../../../arm-none-eabi/lib/thumb/v6-m/nofp/libcr_c.a(__init_alloc.o)
                0x000000001ffff1ac                __heaps
 .bss.errno     0x000000001ffff1b0        0x4 /Applications/MCUXpressoIDE_11.3.0_5222/ide/plugins/com.nxp.mcuxpresso.tools.macosx_11.3.0.202011031536/tools/bin/../lib/gcc/arm-none-eabi/9.3.1/../../../../arm-none-eabi/lib/thumb/v6-m/nofp/libcr_c.a(errno.o)
                0x000000001ffff1b0                errno
 .bss.g_accel_addr_found
                0x000000001ffff1b4        0x1 ./source/via.o
                0x000000001ffff1b4                g_accel_addr_found
 .bss.completionFlag
                0x000000001ffff1b5        0x1 ./source/via.o
                0x000000001ffff1b5                completionFlag
 .bss.nakFlag   0x000000001ffff1b6        0x1 ./source/via.o
                0x000000001ffff1b6                nakFlag
 *(SORT_BY_ALIGNMENT(COMMON))
                0x000000001ffff1b8                . = ALIGN (0x4)
 *fill*         0x000000001ffff1b7        0x1 
                0x000000001ffff1b8                _ebss = .
                [!provide]                        PROVIDE (__end_bss_RAM = .)
                [!provide]                        PROVIDE (__end_bss_SRAM = .)
                [!provide]                        PROVIDE (end = .)

.noinit         0x000000001ffff1b8        0x0
                0x000000001ffff1b8                _noinit = .
                [!provide]                        PROVIDE (__start_noinit_RAM = .)
                [!provide]                        PROVIDE (__start_noinit_SRAM = .)
 *(SORT_BY_ALIGNMENT(.noinit*))
                0x000000001ffff1b8                . = ALIGN (0x4)
                0x000000001ffff1b8                _end_noinit = .
                [!provide]                        PROVIDE (__end_noinit_RAM = .)
                [!provide]                        PROVIDE (__end_noinit_SRAM = .)
                0x0000000000000400                _HeapSize = 0x400

.heap           0x000000001ffff1b8      0x400
                0x000000001ffff1b8                _pvHeapStart = .
                0x000000001ffff5b8                . = (. + _HeapSize)
 *fill*         0x000000001ffff1b8      0x400 
                0x000000001ffff5b8                . = ALIGN (0x4)
                0x000000001ffff5b8                _pvHeapLimit = .
                0x0000000000000400                _StackSize = 0x400

.heap2stackfill
                0x000000001ffff5b8      0x400
                0x000000001ffff9b8                . = (. + _StackSize)
 *fill*         0x000000001ffff5b8      0x400 

.stack          0x0000000020002c00        0x0
                0x0000000020002c00                _vStackBase = .
                0x0000000020002c00                . = ALIGN (0x4)
                0x0000000020003000                _vStackTop = (. + _StackSize)
                0x0000000000000000                _image_start = LOADADDR (.text)
                0x0000000000005800                _image_end = (LOADADDR (.data) + SIZEOF (.data))
                0x0000000000005800                _image_size = (_image_end - _image_start)
OUTPUT(frdmkl25z_driver_examples_i2c_read_accel_value_transfer.axf elf32-littlearm)
LOAD linker stubs

.debug_info     0x0000000000000000     0xb49e
 .debug_info    0x0000000000000000      0x9b1 ./utilities/fsl_debug_console.o
 .debug_info    0x00000000000009b1      0x4db ./startup/startup_mkl25z4.o
 .debug_info    0x0000000000000e8c       0x4f ./source/mtb.o
 .debug_info    0x0000000000000edb       0x38 ./source/semihost_hardfault.o
 .debug_info    0x0000000000000f13     0x17e2 ./source/via.o
 .debug_info    0x00000000000026f5     0x1a93 ./drivers/fsl_clock.o
 .debug_info    0x0000000000004188      0x562 ./drivers/fsl_gpio.o
 .debug_info    0x00000000000046ea     0x1a96 ./drivers/fsl_i2c.o
 .debug_info    0x0000000000006180     0x1465 ./drivers/fsl_lpsci.o
 .debug_info    0x00000000000075e5      0xc70 ./drivers/fsl_tpm.o
 .debug_info    0x0000000000008255     0x1406 ./drivers/fsl_uart.o
 .debug_info    0x000000000000965b      0x807 ./board/board.o
 .debug_info    0x0000000000009e62      0xaea ./board/clock_config.o
 .debug_info    0x000000000000a94c      0x71d ./board/pin_mux.o
 .debug_info    0x000000000000b069      0x435 ./CMSIS/system_MKL25Z4.o

.debug_abbrev   0x0000000000000000     0x1fd6
 .debug_abbrev  0x0000000000000000      0x218 ./utilities/fsl_debug_console.o
 .debug_abbrev  0x0000000000000218      0x18a ./startup/startup_mkl25z4.o
 .debug_abbrev  0x00000000000003a2       0x43 ./source/mtb.o
 .debug_abbrev  0x00000000000003e5       0x2e ./source/semihost_hardfault.o
 .debug_abbrev  0x0000000000000413      0x340 ./source/via.o
 .debug_abbrev  0x0000000000000753      0x36c ./drivers/fsl_clock.o
 .debug_abbrev  0x0000000000000abf      0x1b5 ./drivers/fsl_gpio.o
 .debug_abbrev  0x0000000000000c74      0x36b ./drivers/fsl_i2c.o
 .debug_abbrev  0x0000000000000fdf      0x306 ./drivers/fsl_lpsci.o
 .debug_abbrev  0x00000000000012e5      0x27f ./drivers/fsl_tpm.o
 .debug_abbrev  0x0000000000001564      0x320 ./drivers/fsl_uart.o
 .debug_abbrev  0x0000000000001884      0x1a4 ./board/board.o
 .debug_abbrev  0x0000000000001a28      0x21d ./board/clock_config.o
 .debug_abbrev  0x0000000000001c45      0x23e ./board/pin_mux.o
 .debug_abbrev  0x0000000000001e83      0x153 ./CMSIS/system_MKL25Z4.o

.debug_aranges  0x0000000000000000      0x998
 .debug_aranges
                0x0000000000000000       0x48 ./utilities/fsl_debug_console.o
 .debug_aranges
                0x0000000000000048      0x160 ./startup/startup_mkl25z4.o
 .debug_aranges
                0x00000000000001a8       0x18 ./source/mtb.o
 .debug_aranges
                0x00000000000001c0       0x20 ./source/semihost_hardfault.o
 .debug_aranges
                0x00000000000001e0       0x78 ./source/via.o
 .debug_aranges
                0x0000000000000258      0x1d8 ./drivers/fsl_clock.o
 .debug_aranges
                0x0000000000000430       0x40 ./drivers/fsl_gpio.o
 .debug_aranges
                0x0000000000000470      0x178 ./drivers/fsl_i2c.o
 .debug_aranges
                0x00000000000005e8      0x118 ./drivers/fsl_lpsci.o
 .debug_aranges
                0x0000000000000700       0x88 ./drivers/fsl_tpm.o
 .debug_aranges
                0x0000000000000788      0x130 ./drivers/fsl_uart.o
 .debug_aranges
                0x00000000000008b8       0x28 ./board/board.o
 .debug_aranges
                0x00000000000008e0       0x50 ./board/clock_config.o
 .debug_aranges
                0x0000000000000930       0x40 ./board/pin_mux.o
 .debug_aranges
                0x0000000000000970       0x28 ./CMSIS/system_MKL25Z4.o

.debug_ranges   0x0000000000000000      0x8a0
 .debug_ranges  0x0000000000000000       0x38 ./utilities/fsl_debug_console.o
 .debug_ranges  0x0000000000000038      0x150 ./startup/startup_mkl25z4.o
 .debug_ranges  0x0000000000000188       0x10 ./source/semihost_hardfault.o
 .debug_ranges  0x0000000000000198       0x68 ./source/via.o
 .debug_ranges  0x0000000000000200      0x1c8 ./drivers/fsl_clock.o
 .debug_ranges  0x00000000000003c8       0x30 ./drivers/fsl_gpio.o
 .debug_ranges  0x00000000000003f8      0x168 ./drivers/fsl_i2c.o
 .debug_ranges  0x0000000000000560      0x108 ./drivers/fsl_lpsci.o
 .debug_ranges  0x0000000000000668       0x78 ./drivers/fsl_tpm.o
 .debug_ranges  0x00000000000006e0      0x120 ./drivers/fsl_uart.o
 .debug_ranges  0x0000000000000800       0x18 ./board/board.o
 .debug_ranges  0x0000000000000818       0x40 ./board/clock_config.o
 .debug_ranges  0x0000000000000858       0x30 ./board/pin_mux.o
 .debug_ranges  0x0000000000000888       0x18 ./CMSIS/system_MKL25Z4.o

.debug_line     0x0000000000000000     0x630c
 .debug_line    0x0000000000000000      0x3d9 ./utilities/fsl_debug_console.o
 .debug_line    0x00000000000003d9      0x1e7 ./startup/startup_mkl25z4.o
 .debug_line    0x00000000000005c0       0x30 ./source/mtb.o
 .debug_line    0x00000000000005f0       0x59 ./source/semihost_hardfault.o
 .debug_line    0x0000000000000649      0x7e7 ./source/via.o
 .debug_line    0x0000000000000e30     0x1276 ./drivers/fsl_clock.o
 .debug_line    0x00000000000020a6      0x2f9 ./drivers/fsl_gpio.o
 .debug_line    0x000000000000239f     0x123f ./drivers/fsl_i2c.o
 .debug_line    0x00000000000035de      0xcf2 ./drivers/fsl_lpsci.o
 .debug_line    0x00000000000042d0      0x77a ./drivers/fsl_tpm.o
 .debug_line    0x0000000000004a4a      0xce1 ./drivers/fsl_uart.o
 .debug_line    0x000000000000572b      0x2a9 ./board/board.o
 .debug_line    0x00000000000059d4      0x361 ./board/clock_config.o
 .debug_line    0x0000000000005d35      0x32b ./board/pin_mux.o
 .debug_line    0x0000000000006060      0x2ac ./CMSIS/system_MKL25Z4.o

.debug_str      0x0000000000000000     0x5151
 .debug_str     0x0000000000000000      0xaf6 ./utilities/fsl_debug_console.o
                                        0xb6e (size before relaxing)
 .debug_str     0x0000000000000af6      0x3ea ./startup/startup_mkl25z4.o
                                        0x4dd (size before relaxing)
 .debug_str     0x0000000000000ee0       0x1f ./source/mtb.o
                                        0x167 (size before relaxing)
 .debug_str     0x0000000000000eff       0x1f ./source/semihost_hardfault.o
                                        0x167 (size before relaxing)
 .debug_str     0x0000000000000f1e     0x129f ./source/via.o
                                       0x1b25 (size before relaxing)
 .debug_str     0x00000000000021bd      0xa6d ./drivers/fsl_clock.o
                                       0x1815 (size before relaxing)
 .debug_str     0x0000000000002c2a       0x96 ./drivers/fsl_gpio.o
                                        0x83c (size before relaxing)
 .debug_str     0x0000000000002cc0      0xb7b ./drivers/fsl_i2c.o
                                       0x179e (size before relaxing)
 .debug_str     0x000000000000383b      0x926 ./drivers/fsl_lpsci.o
                                       0x15dd (size before relaxing)
 .debug_str     0x0000000000004161      0x3d1 ./drivers/fsl_tpm.o
                                       0x11ac (size before relaxing)
 .debug_str     0x0000000000004532      0x819 ./drivers/fsl_uart.o
                                       0x15e9 (size before relaxing)
 .debug_str     0x0000000000004d4b       0x4c ./board/board.o
                                        0x768 (size before relaxing)
 .debug_str     0x0000000000004d97      0x222 ./board/clock_config.o
                                        0xde7 (size before relaxing)
 .debug_str     0x0000000000004fb9      0x149 ./board/pin_mux.o
                                        0x7b8 (size before relaxing)
 .debug_str     0x0000000000005102       0x4f ./CMSIS/system_MKL25Z4.o
                                        0x349 (size before relaxing)

.comment        0x0000000000000000       0x4c
 .comment       0x0000000000000000       0x4c ./utilities/fsl_debug_console.o
                                         0x4d (size before relaxing)
 .comment       0x000000000000004c       0x4d ./startup/startup_mkl25z4.o
 .comment       0x000000000000004c       0x4d ./source/mtb.o
 .comment       0x000000000000004c       0x4d ./source/semihost_hardfault.o
 .comment       0x000000000000004c       0x4d ./source/via.o
 .comment       0x000000000000004c       0x4d ./drivers/fsl_clock.o
 .comment       0x000000000000004c       0x4d ./drivers/fsl_gpio.o
 .comment       0x000000000000004c       0x4d ./drivers/fsl_i2c.o
 .comment       0x000000000000004c       0x4d ./drivers/fsl_lpsci.o
 .comment       0x000000000000004c       0x4d ./drivers/fsl_tpm.o
 .comment       0x000000000000004c       0x4d ./drivers/fsl_uart.o
 .comment       0x000000000000004c       0x4d ./board/board.o
 .comment       0x000000000000004c       0x4d ./board/clock_config.o
 .comment       0x000000000000004c       0x4d ./board/pin_mux.o
 .comment       0x000000000000004c       0x4d ./CMSIS/system_MKL25Z4.o
 .comment       0x000000000000004c       0x4d /Applications/MCUXpressoIDE_11.3.0_5222/ide/plugins/com.nxp.mcuxpresso.tools.macosx_11.3.0.202011031536/tools/bin/../lib/gcc/arm-none-eabi/9.3.1/../../../../arm-none-eabi/lib/thumb/v6-m/nofp/libcr_semihost_nf.a(_cr__main.o)
 .comment       0x000000000000004c       0x4d /Applications/MCUXpressoIDE_11.3.0_5222/ide/plugins/com.nxp.mcuxpresso.tools.macosx_11.3.0.202011031536/tools/bin/../lib/gcc/arm-none-eabi/9.3.1/../../../../arm-none-eabi/lib/thumb/v6-m/nofp/libcr_semihost_nf.a(_cr_assert.o)
 .comment       0x000000000000004c       0x4d /Applications/MCUXpressoIDE_11.3.0_5222/ide/plugins/com.nxp.mcuxpresso.tools.macosx_11.3.0.202011031536/tools/bin/../lib/gcc/arm-none-eabi/9.3.1/../../../../arm-none-eabi/lib/thumb/v6-m/nofp/libcr_semihost_nf.a(__ciob.o)
 .comment       0x000000000000004c       0x4d /Applications/MCUXpressoIDE_11.3.0_5222/ide/plugins/com.nxp.mcuxpresso.tools.macosx_11.3.0.202011031536/tools/bin/../lib/gcc/arm-none-eabi/9.3.1/../../../../arm-none-eabi/lib/thumb/v6-m/nofp/libcr_c.a(memset.o)
 .comment       0x000000000000004c       0x4d /Applications/MCUXpressoIDE_11.3.0_5222/ide/plugins/com.nxp.mcuxpresso.tools.macosx_11.3.0.202011031536/tools/bin/../lib/gcc/arm-none-eabi/9.3.1/../../../../arm-none-eabi/lib/thumb/v6-m/nofp/libcr_c.a(_deferredlazyseek.o)
 .comment       0x000000000000004c       0x4d /Applications/MCUXpressoIDE_11.3.0_5222/ide/plugins/com.nxp.mcuxpresso.tools.macosx_11.3.0.202011031536/tools/bin/../lib/gcc/arm-none-eabi/9.3.1/../../../../arm-none-eabi/lib/thumb/v6-m/nofp/libcr_c.a(_fflush.o)
 .comment       0x000000000000004c       0x4d /Applications/MCUXpressoIDE_11.3.0_5222/ide/plugins/com.nxp.mcuxpresso.tools.macosx_11.3.0.202011031536/tools/bin/../lib/gcc/arm-none-eabi/9.3.1/../../../../arm-none-eabi/lib/thumb/v6-m/nofp/libcr_c.a(_writebuf.o)
 .comment       0x000000000000004c       0x4d /Applications/MCUXpressoIDE_11.3.0_5222/ide/plugins/com.nxp.mcuxpresso.tools.macosx_11.3.0.202011031536/tools/bin/../lib/gcc/arm-none-eabi/9.3.1/../../../../arm-none-eabi/lib/thumb/v6-m/nofp/libcr_c.a(alloc.o)
 .comment       0x000000000000004c       0x4d /Applications/MCUXpressoIDE_11.3.0_5222/ide/plugins/com.nxp.mcuxpresso.tools.macosx_11.3.0.202011031536/tools/bin/../lib/gcc/arm-none-eabi/9.3.1/../../../../arm-none-eabi/lib/thumb/v6-m/nofp/libcr_c.a(fputs.o)
 .comment       0x000000000000004c       0x4d /Applications/MCUXpressoIDE_11.3.0_5222/ide/plugins/com.nxp.mcuxpresso.tools.macosx_11.3.0.202011031536/tools/bin/../lib/gcc/arm-none-eabi/9.3.1/../../../../arm-none-eabi/lib/thumb/v6-m/nofp/libcr_c.a(fseek.o)
 .comment       0x000000000000004c       0x4d /Applications/MCUXpressoIDE_11.3.0_5222/ide/plugins/com.nxp.mcuxpresso.tools.macosx_11.3.0.202011031536/tools/bin/../lib/gcc/arm-none-eabi/9.3.1/../../../../arm-none-eabi/lib/thumb/v6-m/nofp/libcr_c.a(ftell.o)
 .comment       0x000000000000004c       0x4d /Applications/MCUXpressoIDE_11.3.0_5222/ide/plugins/com.nxp.mcuxpresso.tools.macosx_11.3.0.202011031536/tools/bin/../lib/gcc/arm-none-eabi/9.3.1/../../../../arm-none-eabi/lib/thumb/v6-m/nofp/libcr_c.a(initio.o)
 .comment       0x000000000000004c       0x4d /Applications/MCUXpressoIDE_11.3.0_5222/ide/plugins/com.nxp.mcuxpresso.tools.macosx_11.3.0.202011031536/tools/bin/../lib/gcc/arm-none-eabi/9.3.1/../../../../arm-none-eabi/lib/thumb/v6-m/nofp/libcr_c.a(printf.o)
 .comment       0x000000000000004c       0x4d /Applications/MCUXpressoIDE_11.3.0_5222/ide/plugins/com.nxp.mcuxpresso.tools.macosx_11.3.0.202011031536/tools/bin/../lib/gcc/arm-none-eabi/9.3.1/../../../../arm-none-eabi/lib/thumb/v6-m/nofp/libcr_c.a(setvbuf.o)
 .comment       0x000000000000004c       0x4d /Applications/MCUXpressoIDE_11.3.0_5222/ide/plugins/com.nxp.mcuxpresso.tools.macosx_11.3.0.202011031536/tools/bin/../lib/gcc/arm-none-eabi/9.3.1/../../../../arm-none-eabi/lib/thumb/v6-m/nofp/libcr_c.a(strlen.o)
 .comment       0x000000000000004c       0x4d /Applications/MCUXpressoIDE_11.3.0_5222/ide/plugins/com.nxp.mcuxpresso.tools.macosx_11.3.0.202011031536/tools/bin/../lib/gcc/arm-none-eabi/9.3.1/../../../../arm-none-eabi/lib/thumb/v6-m/nofp/libcr_c.a(__init_alloc.o)
 .comment       0x000000000000004c       0x4d /Applications/MCUXpressoIDE_11.3.0_5222/ide/plugins/com.nxp.mcuxpresso.tools.macosx_11.3.0.202011031536/tools/bin/../lib/gcc/arm-none-eabi/9.3.1/../../../../arm-none-eabi/lib/thumb/v6-m/nofp/libcr_c.a(_cr_sbrk.o)
 .comment       0x000000000000004c       0x4d /Applications/MCUXpressoIDE_11.3.0_5222/ide/plugins/com.nxp.mcuxpresso.tools.macosx_11.3.0.202011031536/tools/bin/../lib/gcc/arm-none-eabi/9.3.1/../../../../arm-none-eabi/lib/thumb/v6-m/nofp/libcr_c.a(_fdopen.o)
 .comment       0x000000000000004c       0x4d /Applications/MCUXpressoIDE_11.3.0_5222/ide/plugins/com.nxp.mcuxpresso.tools.macosx_11.3.0.202011031536/tools/bin/../lib/gcc/arm-none-eabi/9.3.1/../../../../arm-none-eabi/lib/thumb/v6-m/nofp/libcr_c.a(errno.o)
 .comment       0x000000000000004c       0x4d /Applications/MCUXpressoIDE_11.3.0_5222/ide/plugins/com.nxp.mcuxpresso.tools.macosx_11.3.0.202011031536/tools/bin/../lib/gcc/arm-none-eabi/9.3.1/../../../../arm-none-eabi/lib/thumb/v6-m/nofp/libcr_c.a(fclose.o)
 .comment       0x000000000000004c       0x4d /Applications/MCUXpressoIDE_11.3.0_5222/ide/plugins/com.nxp.mcuxpresso.tools.macosx_11.3.0.202011031536/tools/bin/../lib/gcc/arm-none-eabi/9.3.1/../../../../arm-none-eabi/lib/thumb/v6-m/nofp/libcr_c.a(fflush.o)
 .comment       0x000000000000004c       0x4d /Applications/MCUXpressoIDE_11.3.0_5222/ide/plugins/com.nxp.mcuxpresso.tools.macosx_11.3.0.202011031536/tools/bin/../lib/gcc/arm-none-eabi/9.3.1/../../../../arm-none-eabi/lib/thumb/v6-m/nofp/libcr_c.a(remove.o)
 .comment       0x000000000000004c       0x4d /Applications/MCUXpressoIDE_11.3.0_5222/ide/plugins/com.nxp.mcuxpresso.tools.macosx_11.3.0.202011031536/tools/bin/../lib/gcc/arm-none-eabi/9.3.1/../../../../arm-none-eabi/lib/thumb/v6-m/nofp/libcr_c.a(_cr_check_heap.o)
 .comment       0x000000000000004c       0x4d /Applications/MCUXpressoIDE_11.3.0_5222/ide/plugins/com.nxp.mcuxpresso.tools.macosx_11.3.0.202011031536/tools/bin/../lib/gcc/arm-none-eabi/9.3.1/../../../../arm-none-eabi/lib/thumb/v6-m/nofp/libcr_c.a(_do_fflush.o)

.ARM.attributes
                0x0000000000000000       0x2a
 .ARM.attributes
                0x0000000000000000       0x2c ./utilities/fsl_debug_console.o
 .ARM.attributes
                0x000000000000002c       0x2c ./startup/startup_mkl25z4.o
 .ARM.attributes
                0x0000000000000058       0x32 ./source/mtb.o
 .ARM.attributes
                0x000000000000008a       0x2c ./source/semihost_hardfault.o
 .ARM.attributes
                0x00000000000000b6       0x2c ./source/via.o
 .ARM.attributes
                0x00000000000000e2       0x2c ./drivers/fsl_clock.o
 .ARM.attributes
                0x000000000000010e       0x2c ./drivers/fsl_gpio.o
 .ARM.attributes
                0x000000000000013a       0x2c ./drivers/fsl_i2c.o
 .ARM.attributes
                0x0000000000000166       0x2c ./drivers/fsl_lpsci.o
 .ARM.attributes
                0x0000000000000192       0x2c ./drivers/fsl_tpm.o
 .ARM.attributes
                0x00000000000001be       0x2c ./drivers/fsl_uart.o
 .ARM.attributes
                0x00000000000001ea       0x2c ./board/board.o
 .ARM.attributes
                0x0000000000000216       0x2c ./board/clock_config.o
 .ARM.attributes
                0x0000000000000242       0x2c ./board/pin_mux.o
 .ARM.attributes
                0x000000000000026e       0x2c ./CMSIS/system_MKL25Z4.o
 .ARM.attributes
                0x000000000000029a       0x2c /Applications/MCUXpressoIDE_11.3.0_5222/ide/plugins/com.nxp.mcuxpresso.tools.macosx_11.3.0.202011031536/tools/bin/../lib/gcc/arm-none-eabi/9.3.1/../../../../arm-none-eabi/lib/thumb/v6-m/nofp/libcr_semihost_nf.a(_cr__main.o)
 .ARM.attributes
                0x00000000000002c6       0x2c /Applications/MCUXpressoIDE_11.3.0_5222/ide/plugins/com.nxp.mcuxpresso.tools.macosx_11.3.0.202011031536/tools/bin/../lib/gcc/arm-none-eabi/9.3.1/../../../../arm-none-eabi/lib/thumb/v6-m/nofp/libcr_semihost_nf.a(_cr_assert.o)
 .ARM.attributes
                0x00000000000002f2       0x31 /Applications/MCUXpressoIDE_11.3.0_5222/ide/plugins/com.nxp.mcuxpresso.tools.macosx_11.3.0.202011031536/tools/bin/../lib/gcc/arm-none-eabi/9.3.1/../../../../arm-none-eabi/lib/thumb/v6-m/nofp/libcr_semihost_nf.a(__ciob.o)
 .ARM.attributes
                0x0000000000000323       0x1c /Applications/MCUXpressoIDE_11.3.0_5222/ide/plugins/com.nxp.mcuxpresso.tools.macosx_11.3.0.202011031536/tools/bin/../lib/gcc/arm-none-eabi/9.3.1/../../../../arm-none-eabi/lib/thumb/v6-m/nofp/libcr_semihost_nf.a(__sys_appexit.o)
 .ARM.attributes
                0x000000000000033f       0x2c /Applications/MCUXpressoIDE_11.3.0_5222/ide/plugins/com.nxp.mcuxpresso.tools.macosx_11.3.0.202011031536/tools/bin/../lib/gcc/arm-none-eabi/9.3.1/../../../../arm-none-eabi/lib/thumb/v6-m/nofp/libcr_c.a(memset.o)
 .ARM.attributes
                0x000000000000036b       0x2c /Applications/MCUXpressoIDE_11.3.0_5222/ide/plugins/com.nxp.mcuxpresso.tools.macosx_11.3.0.202011031536/tools/bin/../lib/gcc/arm-none-eabi/9.3.1/../../../../arm-none-eabi/lib/thumb/v6-m/nofp/libcr_c.a(_deferredlazyseek.o)
 .ARM.attributes
                0x0000000000000397       0x2c /Applications/MCUXpressoIDE_11.3.0_5222/ide/plugins/com.nxp.mcuxpresso.tools.macosx_11.3.0.202011031536/tools/bin/../lib/gcc/arm-none-eabi/9.3.1/../../../../arm-none-eabi/lib/thumb/v6-m/nofp/libcr_c.a(_fflush.o)
 .ARM.attributes
                0x00000000000003c3       0x2c /Applications/MCUXpressoIDE_11.3.0_5222/ide/plugins/com.nxp.mcuxpresso.tools.macosx_11.3.0.202011031536/tools/bin/../lib/gcc/arm-none-eabi/9.3.1/../../../../arm-none-eabi/lib/thumb/v6-m/nofp/libcr_c.a(_writebuf.o)
 .ARM.attributes
                0x00000000000003ef       0x2c /Applications/MCUXpressoIDE_11.3.0_5222/ide/plugins/com.nxp.mcuxpresso.tools.macosx_11.3.0.202011031536/tools/bin/../lib/gcc/arm-none-eabi/9.3.1/../../../../arm-none-eabi/lib/thumb/v6-m/nofp/libcr_c.a(alloc.o)
 .ARM.attributes
                0x000000000000041b       0x2c /Applications/MCUXpressoIDE_11.3.0_5222/ide/plugins/com.nxp.mcuxpresso.tools.macosx_11.3.0.202011031536/tools/bin/../lib/gcc/arm-none-eabi/9.3.1/../../../../arm-none-eabi/lib/thumb/v6-m/nofp/libcr_c.a(fputs.o)
 .ARM.attributes
                0x0000000000000447       0x2c /Applications/MCUXpressoIDE_11.3.0_5222/ide/plugins/com.nxp.mcuxpresso.tools.macosx_11.3.0.202011031536/tools/bin/../lib/gcc/arm-none-eabi/9.3.1/../../../../arm-none-eabi/lib/thumb/v6-m/nofp/libcr_c.a(fseek.o)
 .ARM.attributes
                0x0000000000000473       0x2c /Applications/MCUXpressoIDE_11.3.0_5222/ide/plugins/com.nxp.mcuxpresso.tools.macosx_11.3.0.202011031536/tools/bin/../lib/gcc/arm-none-eabi/9.3.1/../../../../arm-none-eabi/lib/thumb/v6-m/nofp/libcr_c.a(ftell.o)
 .ARM.attributes
                0x000000000000049f       0x2c /Applications/MCUXpressoIDE_11.3.0_5222/ide/plugins/com.nxp.mcuxpresso.tools.macosx_11.3.0.202011031536/tools/bin/../lib/gcc/arm-none-eabi/9.3.1/../../../../arm-none-eabi/lib/thumb/v6-m/nofp/libcr_c.a(initio.o)
 .ARM.attributes
                0x00000000000004cb       0x2c /Applications/MCUXpressoIDE_11.3.0_5222/ide/plugins/com.nxp.mcuxpresso.tools.macosx_11.3.0.202011031536/tools/bin/../lib/gcc/arm-none-eabi/9.3.1/../../../../arm-none-eabi/lib/thumb/v6-m/nofp/libcr_c.a(printf.o)
 .ARM.attributes
                0x00000000000004f7       0x2c /Applications/MCUXpressoIDE_11.3.0_5222/ide/plugins/com.nxp.mcuxpresso.tools.macosx_11.3.0.202011031536/tools/bin/../lib/gcc/arm-none-eabi/9.3.1/../../../../arm-none-eabi/lib/thumb/v6-m/nofp/libcr_c.a(setvbuf.o)
 .ARM.attributes
                0x0000000000000523       0x2c /Applications/MCUXpressoIDE_11.3.0_5222/ide/plugins/com.nxp.mcuxpresso.tools.macosx_11.3.0.202011031536/tools/bin/../lib/gcc/arm-none-eabi/9.3.1/../../../../arm-none-eabi/lib/thumb/v6-m/nofp/libcr_c.a(strlen.o)
 .ARM.attributes
                0x000000000000054f       0x2c /Applications/MCUXpressoIDE_11.3.0_5222/ide/plugins/com.nxp.mcuxpresso.tools.macosx_11.3.0.202011031536/tools/bin/../lib/gcc/arm-none-eabi/9.3.1/../../../../arm-none-eabi/lib/thumb/v6-m/nofp/libcr_c.a(__init_alloc.o)
 .ARM.attributes
                0x000000000000057b       0x2c /Applications/MCUXpressoIDE_11.3.0_5222/ide/plugins/com.nxp.mcuxpresso.tools.macosx_11.3.0.202011031536/tools/bin/../lib/gcc/arm-none-eabi/9.3.1/../../../../arm-none-eabi/lib/thumb/v6-m/nofp/libcr_c.a(_cr_sbrk.o)
 .ARM.attributes
                0x00000000000005a7       0x2c /Applications/MCUXpressoIDE_11.3.0_5222/ide/plugins/com.nxp.mcuxpresso.tools.macosx_11.3.0.202011031536/tools/bin/../lib/gcc/arm-none-eabi/9.3.1/../../../../arm-none-eabi/lib/thumb/v6-m/nofp/libcr_c.a(_fdopen.o)
 .ARM.attributes
                0x00000000000005d3       0x31 /Applications/MCUXpressoIDE_11.3.0_5222/ide/plugins/com.nxp.mcuxpresso.tools.macosx_11.3.0.202011031536/tools/bin/../lib/gcc/arm-none-eabi/9.3.1/../../../../arm-none-eabi/lib/thumb/v6-m/nofp/libcr_c.a(errno.o)
 .ARM.attributes
                0x0000000000000604       0x2c /Applications/MCUXpressoIDE_11.3.0_5222/ide/plugins/com.nxp.mcuxpresso.tools.macosx_11.3.0.202011031536/tools/bin/../lib/gcc/arm-none-eabi/9.3.1/../../../../arm-none-eabi/lib/thumb/v6-m/nofp/libcr_c.a(fclose.o)
 .ARM.attributes
                0x0000000000000630       0x2c /Applications/MCUXpressoIDE_11.3.0_5222/ide/plugins/com.nxp.mcuxpresso.tools.macosx_11.3.0.202011031536/tools/bin/../lib/gcc/arm-none-eabi/9.3.1/../../../../arm-none-eabi/lib/thumb/v6-m/nofp/libcr_c.a(fflush.o)
 .ARM.attributes
                0x000000000000065c       0x2c /Applications/MCUXpressoIDE_11.3.0_5222/ide/plugins/com.nxp.mcuxpresso.tools.macosx_11.3.0.202011031536/tools/bin/../lib/gcc/arm-none-eabi/9.3.1/../../../../arm-none-eabi/lib/thumb/v6-m/nofp/libcr_c.a(remove.o)
 .ARM.attributes
                0x0000000000000688       0x2c /Applications/MCUXpressoIDE_11.3.0_5222/ide/plugins/com.nxp.mcuxpresso.tools.macosx_11.3.0.202011031536/tools/bin/../lib/gcc/arm-none-eabi/9.3.1/../../../../arm-none-eabi/lib/thumb/v6-m/nofp/libcr_c.a(_cr_check_heap.o)
 .ARM.attributes
                0x00000000000006b4       0x2c /Applications/MCUXpressoIDE_11.3.0_5222/ide/plugins/com.nxp.mcuxpresso.tools.macosx_11.3.0.202011031536/tools/bin/../lib/gcc/arm-none-eabi/9.3.1/../../../../arm-none-eabi/lib/thumb/v6-m/nofp/libcr_c.a(_do_fflush.o)
 .ARM.attributes
                0x00000000000006e0       0x1c /Applications/MCUXpressoIDE_11.3.0_5222/ide/plugins/com.nxp.mcuxpresso.tools.macosx_11.3.0.202011031536/tools/bin/../lib/gcc/arm-none-eabi/9.3.1/thumb/v6-m/nofp/libcr_eabihelpers.a(division_32.o)
 .ARM.attributes
                0x00000000000006fc       0x1c /Applications/MCUXpressoIDE_11.3.0_5222/ide/plugins/com.nxp.mcuxpresso.tools.macosx_11.3.0.202011031536/tools/bin/../lib/gcc/arm-none-eabi/9.3.1/thumb/v6-m/nofp/libcr_eabihelpers.a(division_idiv0.o)
 .ARM.attributes
                0x0000000000000718       0x1c /Applications/MCUXpressoIDE_11.3.0_5222/ide/plugins/com.nxp.mcuxpresso.tools.macosx_11.3.0.202011031536/tools/bin/../lib/gcc/arm-none-eabi/9.3.1/thumb/v6-m/nofp/libcr_eabihelpers.a(llong.o)
 .ARM.attributes
                0x0000000000000734       0x1c /Applications/MCUXpressoIDE_11.3.0_5222/ide/plugins/com.nxp.mcuxpresso.tools.macosx_11.3.0.202011031536/tools/bin/../lib/gcc/arm-none-eabi/9.3.1/thumb/v6-m/nofp/libcr_eabihelpers.a(memcpy.o)
 .ARM.attributes
                0x0000000000000750       0x1c /Applications/MCUXpressoIDE_11.3.0_5222/ide/plugins/com.nxp.mcuxpresso.tools.macosx_11.3.0.202011031536/tools/bin/../lib/gcc/arm-none-eabi/9.3.1/thumb/v6-m/nofp/libcr_eabihelpers.a(thumb1_switch_helpers.o)
 .ARM.attributes
                0x000000000000076c       0x1c /Applications/MCUXpressoIDE_11.3.0_5222/ide/plugins/com.nxp.mcuxpresso.tools.macosx_11.3.0.202011031536/tools/bin/../lib/gcc/arm-none-eabi/9.3.1/../../../../arm-none-eabi/lib/thumb/v6-m/nofp/libcr_semihost_nf.a(__sys_close.o)
 .ARM.attributes
                0x0000000000000788       0x1c /Applications/MCUXpressoIDE_11.3.0_5222/ide/plugins/com.nxp.mcuxpresso.tools.macosx_11.3.0.202011031536/tools/bin/../lib/gcc/arm-none-eabi/9.3.1/../../../../arm-none-eabi/lib/thumb/v6-m/nofp/libcr_semihost_nf.a(__sys_flen.o)
 .ARM.attributes
                0x00000000000007a4       0x1c /Applications/MCUXpressoIDE_11.3.0_5222/ide/plugins/com.nxp.mcuxpresso.tools.macosx_11.3.0.202011031536/tools/bin/../lib/gcc/arm-none-eabi/9.3.1/../../../../arm-none-eabi/lib/thumb/v6-m/nofp/libcr_semihost_nf.a(__sys_istty.o)
 .ARM.attributes
                0x00000000000007c0       0x1c /Applications/MCUXpressoIDE_11.3.0_5222/ide/plugins/com.nxp.mcuxpresso.tools.macosx_11.3.0.202011031536/tools/bin/../lib/gcc/arm-none-eabi/9.3.1/../../../../arm-none-eabi/lib/thumb/v6-m/nofp/libcr_semihost_nf.a(__sys_remove.o)
 .ARM.attributes
                0x00000000000007dc       0x1c /Applications/MCUXpressoIDE_11.3.0_5222/ide/plugins/com.nxp.mcuxpresso.tools.macosx_11.3.0.202011031536/tools/bin/../lib/gcc/arm-none-eabi/9.3.1/../../../../arm-none-eabi/lib/thumb/v6-m/nofp/libcr_semihost_nf.a(__sys_seek.o)
 .ARM.attributes
                0x00000000000007f8       0x1c /Applications/MCUXpressoIDE_11.3.0_5222/ide/plugins/com.nxp.mcuxpresso.tools.macosx_11.3.0.202011031536/tools/bin/../lib/gcc/arm-none-eabi/9.3.1/../../../../arm-none-eabi/lib/thumb/v6-m/nofp/libcr_semihost_nf.a(__sys_tmpnam.o)
 .ARM.attributes
                0x0000000000000814       0x1c /Applications/MCUXpressoIDE_11.3.0_5222/ide/plugins/com.nxp.mcuxpresso.tools.macosx_11.3.0.202011031536/tools/bin/../lib/gcc/arm-none-eabi/9.3.1/../../../../arm-none-eabi/lib/thumb/v6-m/nofp/libcr_semihost_nf.a(__sys_write.o)

.debug_frame    0x0000000000000000     0x1fc8
 .debug_frame   0x0000000000000000       0xcc ./utilities/fsl_debug_console.o
 .debug_frame   0x00000000000000cc      0x3b0 ./startup/startup_mkl25z4.o
 .debug_frame   0x000000000000047c       0x20 ./source/semihost_hardfault.o
 .debug_frame   0x000000000000049c      0x19c ./source/via.o
 .debug_frame   0x0000000000000638      0x6e0 ./drivers/fsl_clock.o
 .debug_frame   0x0000000000000d18       0xb0 ./drivers/fsl_gpio.o
 .debug_frame   0x0000000000000dc8      0x58c ./drivers/fsl_i2c.o
 .debug_frame   0x0000000000001354      0x414 ./drivers/fsl_lpsci.o
 .debug_frame   0x0000000000001768      0x1d0 ./drivers/fsl_tpm.o
 .debug_frame   0x0000000000001938      0x464 ./drivers/fsl_uart.o
 .debug_frame   0x0000000000001d9c       0x50 ./board/board.o
 .debug_frame   0x0000000000001dec       0xe4 ./board/clock_config.o
 .debug_frame   0x0000000000001ed0       0xac ./board/pin_mux.o
 .debug_frame   0x0000000000001f7c       0x4c ./CMSIS/system_MKL25Z4.o

Cross Reference Table

Symbol                                            File
ADC0_DriverIRQHandler                             ./startup/startup_mkl25z4.o
ADC0_IRQHandler                                   ./startup/startup_mkl25z4.o
BOARD_BootClockRUN                                ./board/clock_config.o
                                                  ./source/via.o
BOARD_BootClockVLPR                               ./board/clock_config.o
BOARD_I2C_ConfigurePins                           ./board/pin_mux.o
                                                  ./source/via.o
BOARD_I2C_ReleaseBus                              ./source/via.o
BOARD_InitDebugConsole                            ./board/board.o
                                                  ./source/via.o
BOARD_InitPins                                    ./board/pin_mux.o
                                                  ./source/via.o
CLOCK_BootToBlpeMode                              ./drivers/fsl_clock.o
CLOCK_BootToBlpiMode                              ./drivers/fsl_clock.o
                                                  ./board/clock_config.o
CLOCK_BootToFeeMode                               ./drivers/fsl_clock.o
CLOCK_BootToFeiMode                               ./drivers/fsl_clock.o
CLOCK_BootToPeeMode                               ./drivers/fsl_clock.o
                                                  ./board/clock_config.o
CLOCK_CalcPllDiv                                  ./drivers/fsl_clock.o
CLOCK_ClearStatusFlags                            ./drivers/fsl_clock.o
CLOCK_DeinitOsc0                                  ./drivers/fsl_clock.o
CLOCK_EnablePll0                                  ./drivers/fsl_clock.o
CLOCK_EnableUsbfs0Clock                           ./drivers/fsl_clock.o
CLOCK_ExternalModeToFbeModeQuick                  ./drivers/fsl_clock.o
CLOCK_FllStableDelay                              ./drivers/fsl_clock.o
CLOCK_GetBusClkFreq                               ./drivers/fsl_clock.o
CLOCK_GetCoreSysClkFreq                           ./drivers/fsl_clock.o
CLOCK_GetEr32kClkFreq                             ./drivers/fsl_clock.o
CLOCK_GetFixedFreqClkFreq                         ./drivers/fsl_clock.o
CLOCK_GetFlashClkFreq                             ./drivers/fsl_clock.o
CLOCK_GetFllFreq                                  ./drivers/fsl_clock.o
CLOCK_GetFreq                                     ./drivers/fsl_clock.o
                                                  ./source/via.o
CLOCK_GetInternalRefClkFreq                       ./drivers/fsl_clock.o
CLOCK_GetMode                                     ./drivers/fsl_clock.o
CLOCK_GetOsc0ErClkFreq                            ./drivers/fsl_clock.o
CLOCK_GetOutClkFreq                               ./drivers/fsl_clock.o
CLOCK_GetPlatClkFreq                              ./drivers/fsl_clock.o
CLOCK_GetPll0Freq                                 ./drivers/fsl_clock.o
CLOCK_GetPllFllSelClkFreq                         ./drivers/fsl_clock.o
                                                  ./board/board.o
CLOCK_GetStatusFlags                              ./drivers/fsl_clock.o
CLOCK_InitOsc0                                    ./drivers/fsl_clock.o
                                                  ./board/clock_config.o
CLOCK_InternalModeToFbiModeQuick                  ./drivers/fsl_clock.o
CLOCK_SetBlpeMode                                 ./drivers/fsl_clock.o
CLOCK_SetBlpiMode                                 ./drivers/fsl_clock.o
CLOCK_SetExternalRefClkConfig                     ./drivers/fsl_clock.o
CLOCK_SetFbeMode                                  ./drivers/fsl_clock.o
CLOCK_SetFbiMode                                  ./drivers/fsl_clock.o
CLOCK_SetFeeMode                                  ./drivers/fsl_clock.o
CLOCK_SetFeiMode                                  ./drivers/fsl_clock.o
CLOCK_SetInternalRefClkConfig                     ./drivers/fsl_clock.o
                                                  ./board/clock_config.o
CLOCK_SetMcgConfig                                ./drivers/fsl_clock.o
CLOCK_SetOsc0MonitorMode                          ./drivers/fsl_clock.o
CLOCK_SetPbeMode                                  ./drivers/fsl_clock.o
CLOCK_SetPeeMode                                  ./drivers/fsl_clock.o
CLOCK_SetPll0MonitorMode                          ./drivers/fsl_clock.o
CLOCK_SetSimConfig                                ./drivers/fsl_clock.o
                                                  ./board/clock_config.o
CLOCK_TrimInternalRefClk                          ./drivers/fsl_clock.o
CMP0_DriverIRQHandler                             ./startup/startup_mkl25z4.o
CMP0_IRQHandler                                   ./startup/startup_mkl25z4.o
DAC0_DriverIRQHandler                             ./startup/startup_mkl25z4.o
DAC0_IRQHandler                                   ./startup/startup_mkl25z4.o
DMA0_DriverIRQHandler                             ./startup/startup_mkl25z4.o
DMA0_IRQHandler                                   ./startup/startup_mkl25z4.o
DMA1_DriverIRQHandler                             ./startup/startup_mkl25z4.o
DMA1_IRQHandler                                   ./startup/startup_mkl25z4.o
DMA2_DriverIRQHandler                             ./startup/startup_mkl25z4.o
DMA2_IRQHandler                                   ./startup/startup_mkl25z4.o
DMA3_DriverIRQHandler                             ./startup/startup_mkl25z4.o
DMA3_IRQHandler                                   ./startup/startup_mkl25z4.o
DbgConsole_Deinit                                 ./utilities/fsl_debug_console.o
DbgConsole_Init                                   ./utilities/fsl_debug_console.o
                                                  ./board/board.o
FLASH_Erase                                       ./drivers/fsl_flash.o
FLASH_EraseAll                                    ./drivers/fsl_flash.o
FLASH_EraseAllExecuteOnlySegments                 ./drivers/fsl_flash.o
FLASH_GetProperty                                 ./drivers/fsl_flash.o
FLASH_GetSecurityState                            ./drivers/fsl_flash.o
FLASH_Init                                        ./drivers/fsl_flash.o
FLASH_IsExecuteOnly                               ./drivers/fsl_flash.o
FLASH_IsProtected                                 ./drivers/fsl_flash.o
FLASH_PflashGetPrefetchSpeculation                ./drivers/fsl_flash.o
FLASH_PflashGetProtection                         ./drivers/fsl_flash.o
FLASH_PflashSetPrefetchSpeculation                ./drivers/fsl_flash.o
                                                  ./drivers/fsl_smc.o
FLASH_PflashSetProtection                         ./drivers/fsl_flash.o
FLASH_PrepareExecuteInRamFunctions                ./drivers/fsl_flash.o
FLASH_Program                                     ./drivers/fsl_flash.o
FLASH_ProgramOnce                                 ./drivers/fsl_flash.o
FLASH_ReadOnce                                    ./drivers/fsl_flash.o
FLASH_ReadResource                                ./drivers/fsl_flash.o
FLASH_SecurityBypass                              ./drivers/fsl_flash.o
FLASH_SetCallback                                 ./drivers/fsl_flash.o
FLASH_SetProperty                                 ./drivers/fsl_flash.o
FLASH_VerifyErase                                 ./drivers/fsl_flash.o
FLASH_VerifyEraseAll                              ./drivers/fsl_flash.o
FLASH_VerifyEraseAllExecuteOnlySegments           ./drivers/fsl_flash.o
FLASH_VerifyProgram                               ./drivers/fsl_flash.o
FTFA_DriverIRQHandler                             ./startup/startup_mkl25z4.o
FTFA_IRQHandler                                   ./startup/startup_mkl25z4.o
Flash_Config                                      ./startup/startup_mkl25z4.o
GPIO_ClearPinsInterruptFlags                      ./drivers/fsl_gpio.o
GPIO_GetPinsInterruptFlags                        ./drivers/fsl_gpio.o
GPIO_PinInit                                      ./drivers/fsl_gpio.o
                                                  ./source/via.o
HardFault_Handler                                 ./source/semihost_hardfault.o
                                                  ./startup/startup_mkl25z4.o
I2C0_DriverIRQHandler                             ./drivers/fsl_i2c.o
                                                  ./startup/startup_mkl25z4.o
I2C0_IRQHandler                                   ./startup/startup_mkl25z4.o
I2C1_DriverIRQHandler                             ./drivers/fsl_i2c.o
                                                  ./startup/startup_mkl25z4.o
I2C1_IRQHandler                                   ./startup/startup_mkl25z4.o
I2C_DisableInterrupts                             ./drivers/fsl_i2c.o
I2C_EnableInterrupts                              ./drivers/fsl_i2c.o
I2C_GetInstance                                   ./drivers/fsl_i2c.o
I2C_MasterDeinit                                  ./drivers/fsl_i2c.o
I2C_MasterGetDefaultConfig                        ./drivers/fsl_i2c.o
                                                  ./source/via.o
I2C_MasterGetStatusFlags                          ./drivers/fsl_i2c.o
I2C_MasterInit                                    ./drivers/fsl_i2c.o
                                                  ./source/via.o
I2C_MasterReadBlocking                            ./drivers/fsl_i2c.o
I2C_MasterRepeatedStart                           ./drivers/fsl_i2c.o
I2C_MasterSetBaudRate                             ./drivers/fsl_i2c.o
I2C_MasterStart                                   ./drivers/fsl_i2c.o
I2C_MasterStop                                    ./drivers/fsl_i2c.o
I2C_MasterTransferAbort                           ./drivers/fsl_i2c.o
I2C_MasterTransferBlocking                        ./drivers/fsl_i2c.o
I2C_MasterTransferCreateHandle                    ./drivers/fsl_i2c.o
                                                  ./source/via.o
I2C_MasterTransferGetCount                        ./drivers/fsl_i2c.o
I2C_MasterTransferHandleIRQ                       ./drivers/fsl_i2c.o
I2C_MasterTransferNonBlocking                     ./drivers/fsl_i2c.o
                                                  ./source/via.o
I2C_MasterWriteBlocking                           ./drivers/fsl_i2c.o
I2C_SlaveDeinit                                   ./drivers/fsl_i2c.o
I2C_SlaveGetDefaultConfig                         ./drivers/fsl_i2c.o
I2C_SlaveInit                                     ./drivers/fsl_i2c.o
I2C_SlaveReadBlocking                             ./drivers/fsl_i2c.o
I2C_SlaveTransferAbort                            ./drivers/fsl_i2c.o
I2C_SlaveTransferCreateHandle                     ./drivers/fsl_i2c.o
I2C_SlaveTransferGetCount                         ./drivers/fsl_i2c.o
I2C_SlaveTransferHandleIRQ                        ./drivers/fsl_i2c.o
I2C_SlaveTransferNonBlocking                      ./drivers/fsl_i2c.o
I2C_SlaveWriteBlocking                            ./drivers/fsl_i2c.o
InstallIRQHandler                                 ./drivers/fsl_common.o
IntDefaultHandler                                 ./startup/startup_mkl25z4.o
LEDBlue_On                                        ./source/utils.o
LEDBlue_Toggle                                    ./source/utils.o
LEDGreen_On                                       ./source/utils.o
LEDGreen_Toggle                                   ./source/utils.o
LEDRed_On                                         ./source/utils.o
LEDRed_Toggle                                     ./source/utils.o
LED_Initialize                                    ./source/utils.o
LED_Off                                           ./source/utils.o
LLWU_DriverIRQHandler                             ./startup/startup_mkl25z4.o
LLWU_IRQHandler                                   ./startup/startup_mkl25z4.o
LPSCI_ClearStatusFlags                            ./drivers/fsl_lpsci.o
LPSCI_Deinit                                      ./drivers/fsl_lpsci.o
                                                  ./utilities/fsl_debug_console.o
LPSCI_DisableInterrupts                           ./drivers/fsl_lpsci.o
LPSCI_EnableInterrupts                            ./drivers/fsl_lpsci.o
LPSCI_GetDefaultConfig                            ./drivers/fsl_lpsci.o
                                                  ./utilities/fsl_debug_console.o
LPSCI_GetEnabledInterrupts                        ./drivers/fsl_lpsci.o
LPSCI_GetInstance                                 ./drivers/fsl_lpsci.o
LPSCI_GetStatusFlags                              ./drivers/fsl_lpsci.o
LPSCI_Init                                        ./drivers/fsl_lpsci.o
                                                  ./utilities/fsl_debug_console.o
LPSCI_ReadBlocking                                ./drivers/fsl_lpsci.o
                                                  ./utilities/fsl_debug_console.o
LPSCI_SetBaudRate                                 ./drivers/fsl_lpsci.o
LPSCI_TransferAbortReceive                        ./drivers/fsl_lpsci.o
LPSCI_TransferAbortSend                           ./drivers/fsl_lpsci.o
LPSCI_TransferCreateHandle                        ./drivers/fsl_lpsci.o
LPSCI_TransferGetReceiveCount                     ./drivers/fsl_lpsci.o
LPSCI_TransferGetSendCount                        ./drivers/fsl_lpsci.o
LPSCI_TransferHandleErrorIRQ                      ./drivers/fsl_lpsci.o
LPSCI_TransferHandleIRQ                           ./drivers/fsl_lpsci.o
LPSCI_TransferReceiveNonBlocking                  ./drivers/fsl_lpsci.o
LPSCI_TransferSendNonBlocking                     ./drivers/fsl_lpsci.o
LPSCI_TransferStartRingBuffer                     ./drivers/fsl_lpsci.o
LPSCI_TransferStopRingBuffer                      ./drivers/fsl_lpsci.o
LPSCI_WriteBlocking                               ./drivers/fsl_lpsci.o